Archive member included to satisfy reference by file (symbol)

C:/Users/Jonas/.pico-sdk/toolchain/13_3_Rel1/bin/../lib/gcc/arm-none-eabi/13.3.1/thumb/v6-m/nofp\libgcc.a(_dvmd_tls.o)
                              CMakeFiles/U4T1.dir/C_/Users/Jonas/.pico-sdk/sdk/2.1.0/src/rp2_common/pico_divider/divider_hardware.S.obj (__aeabi_idiv0)
C:/Users/Jonas/.pico-sdk/toolchain/13_3_Rel1/bin/../lib/gcc/arm-none-eabi/13.3.1/thumb/v6-m/nofp\libg.a(libc_a-calloc.o)
                              CMakeFiles/U4T1.dir/C_/Users/Jonas/.pico-sdk/sdk/2.1.0/src/rp2_common/pico_malloc/malloc.c.obj (calloc)
C:/Users/Jonas/.pico-sdk/toolchain/13_3_Rel1/bin/../lib/gcc/arm-none-eabi/13.3.1/thumb/v6-m/nofp\libg.a(libc_a-callocr.o)
                              C:/Users/Jonas/.pico-sdk/toolchain/13_3_Rel1/bin/../lib/gcc/arm-none-eabi/13.3.1/thumb/v6-m/nofp\libg.a(libc_a-calloc.o) (_calloc_r)
C:/Users/Jonas/.pico-sdk/toolchain/13_3_Rel1/bin/../lib/gcc/arm-none-eabi/13.3.1/thumb/v6-m/nofp\libg.a(libc_a-malloc.o)
                              CMakeFiles/U4T1.dir/C_/Users/Jonas/.pico-sdk/sdk/2.1.0/src/rp2_common/pico_malloc/malloc.c.obj (malloc)
C:/Users/Jonas/.pico-sdk/toolchain/13_3_Rel1/bin/../lib/gcc/arm-none-eabi/13.3.1/thumb/v6-m/nofp\libg.a(libc_a-mallocr.o)
                              C:/Users/Jonas/.pico-sdk/toolchain/13_3_Rel1/bin/../lib/gcc/arm-none-eabi/13.3.1/thumb/v6-m/nofp\libg.a(libc_a-callocr.o) (_malloc_r)
C:/Users/Jonas/.pico-sdk/toolchain/13_3_Rel1/bin/../lib/gcc/arm-none-eabi/13.3.1/thumb/v6-m/nofp\libg.a(libc_a-mlock.o)
                              C:/Users/Jonas/.pico-sdk/toolchain/13_3_Rel1/bin/../lib/gcc/arm-none-eabi/13.3.1/thumb/v6-m/nofp\libg.a(libc_a-mallocr.o) (__malloc_lock)
C:/Users/Jonas/.pico-sdk/toolchain/13_3_Rel1/bin/../lib/gcc/arm-none-eabi/13.3.1/thumb/v6-m/nofp\libg.a(libc_a-realloc.o)
                              CMakeFiles/U4T1.dir/C_/Users/Jonas/.pico-sdk/sdk/2.1.0/src/rp2_common/pico_malloc/malloc.c.obj (realloc)
C:/Users/Jonas/.pico-sdk/toolchain/13_3_Rel1/bin/../lib/gcc/arm-none-eabi/13.3.1/thumb/v6-m/nofp\libg.a(libc_a-reallocr.o)
                              C:/Users/Jonas/.pico-sdk/toolchain/13_3_Rel1/bin/../lib/gcc/arm-none-eabi/13.3.1/thumb/v6-m/nofp\libg.a(libc_a-realloc.o) (_realloc_r)
C:/Users/Jonas/.pico-sdk/toolchain/13_3_Rel1/bin/../lib/gcc/arm-none-eabi/13.3.1/thumb/v6-m/nofp\libg.a(libc_a-memcmp.o)
                              CMakeFiles/U4T1.dir/C_/Users/Jonas/.pico-sdk/sdk/2.1.0/src/rp2_common/pico_atomic/atomic.c.obj (memcmp)
C:/Users/Jonas/.pico-sdk/toolchain/13_3_Rel1/bin/../lib/gcc/arm-none-eabi/13.3.1/thumb/v6-m/nofp\libg.a(libc_a-memmove.o)
                              C:/Users/Jonas/.pico-sdk/toolchain/13_3_Rel1/bin/../lib/gcc/arm-none-eabi/13.3.1/thumb/v6-m/nofp\libg.a(libc_a-reallocr.o) (memmove)
C:/Users/Jonas/.pico-sdk/toolchain/13_3_Rel1/bin/../lib/gcc/arm-none-eabi/13.3.1/thumb/v6-m/nofp\libg.a(libc_a-lcltime_r.o)
                              CMakeFiles/U4T1.dir/C_/Users/Jonas/.pico-sdk/sdk/2.1.0/src/common/pico_util/datetime.c.obj (localtime_r)
C:/Users/Jonas/.pico-sdk/toolchain/13_3_Rel1/bin/../lib/gcc/arm-none-eabi/13.3.1/thumb/v6-m/nofp\libg.a(libc_a-mktime.o)
                              CMakeFiles/U4T1.dir/C_/Users/Jonas/.pico-sdk/sdk/2.1.0/src/common/pico_util/datetime.c.obj (mktime)
C:/Users/Jonas/.pico-sdk/toolchain/13_3_Rel1/bin/../lib/gcc/arm-none-eabi/13.3.1/thumb/v6-m/nofp\libg.a(libc_a-month_lengths.o)
                              C:/Users/Jonas/.pico-sdk/toolchain/13_3_Rel1/bin/../lib/gcc/arm-none-eabi/13.3.1/thumb/v6-m/nofp\libg.a(libc_a-lcltime_r.o) (__month_lengths)
C:/Users/Jonas/.pico-sdk/toolchain/13_3_Rel1/bin/../lib/gcc/arm-none-eabi/13.3.1/thumb/v6-m/nofp\libg.a(libc_a-tzcalc_limits.o)
                              C:/Users/Jonas/.pico-sdk/toolchain/13_3_Rel1/bin/../lib/gcc/arm-none-eabi/13.3.1/thumb/v6-m/nofp\libg.a(libc_a-lcltime_r.o) (__tzcalc_limits)
C:/Users/Jonas/.pico-sdk/toolchain/13_3_Rel1/bin/../lib/gcc/arm-none-eabi/13.3.1/thumb/v6-m/nofp\libg.a(libc_a-tzlock.o)
                              C:/Users/Jonas/.pico-sdk/toolchain/13_3_Rel1/bin/../lib/gcc/arm-none-eabi/13.3.1/thumb/v6-m/nofp\libg.a(libc_a-lcltime_r.o) (__tz_lock)
C:/Users/Jonas/.pico-sdk/toolchain/13_3_Rel1/bin/../lib/gcc/arm-none-eabi/13.3.1/thumb/v6-m/nofp\libg.a(libc_a-tzset.o)
                              C:/Users/Jonas/.pico-sdk/toolchain/13_3_Rel1/bin/../lib/gcc/arm-none-eabi/13.3.1/thumb/v6-m/nofp\libg.a(libc_a-lcltime_r.o) (_tzset_unlocked)
C:/Users/Jonas/.pico-sdk/toolchain/13_3_Rel1/bin/../lib/gcc/arm-none-eabi/13.3.1/thumb/v6-m/nofp\libg.a(libc_a-tzset_r.o)
                              C:/Users/Jonas/.pico-sdk/toolchain/13_3_Rel1/bin/../lib/gcc/arm-none-eabi/13.3.1/thumb/v6-m/nofp\libg.a(libc_a-tzset.o) (_tzset_unlocked_r)
C:/Users/Jonas/.pico-sdk/toolchain/13_3_Rel1/bin/../lib/gcc/arm-none-eabi/13.3.1/thumb/v6-m/nofp\libg.a(libc_a-tzvars.o)
[...]
Memory Configuration

Name             Origin             Length             Attributes
FLASH            0x10000000         0x00200000         xr
RAM              0x20000000         0x00040000         xrw
SCRATCH_X        0x20040000         0x00001000         xrw
SCRATCH_Y        0x20041000         0x00001000         xrw
*default*        0x00000000         0xffffffff

Linker script and memory map

LOAD C:/Users/Jonas/.pico-sdk/toolchain/13_3_Rel1/bin/../lib/gcc/arm-none-eabi/13.3.1/thumb/v6-m/nofp/crti.o
LOAD C:/Users/Jonas/.pico-sdk/toolchain/13_3_Rel1/bin/../lib/gcc/arm-none-eabi/13.3.1/thumb/v6-m/nofp/crtbegin.o
LOAD C:/Users/Jonas/.pico-sdk/toolchain/13_3_Rel1/bin/../lib/gcc/arm-none-eabi/13.3.1/thumb/v6-m/nofp/crt0.o

.flash_begin    0x10000000        0x0
                0x10000000                        __flash_binary_start = .

.boot2          0x10000000      0x100
                0x10000000                        __boot2_start__ = .
 *(.boot2)
 .boot2         0x10000000      0x100 pico-sdk/src/rp2040/boot_stage2/CMakeFiles/bs2_default_library.dir/./bs2_default_padded_checksummed.S.obj
                0x10000100                        __boot2_end__ = .
                0x00000001                        ASSERT (((__boot2_end__ - __boot2_start__) == 0x100), ERROR: Pico second stage bootloader must be 256 bytes in size)

.text           0x10000100     0x708c
                0x10000100                        __logical_binary_start = .
 *(.vectors)
 .vectors       0x10000100       0xd4 CMakeFiles/U4T1.dir/C_/Users/Jonas/.pico-sdk/sdk/2.1.0/src/rp2_common/pico_crt0/crt0.S.obj
                0x10000100                __VECTOR_TABLE
                0x10000100                __vectors
                0x100001c0                isr_invalid
                0x100001c0                __default_isrs_start
                0x100001c2                isr_nmi
                0x100001c4                isr_hardfault
                0x100001c6                isr_svcall
                0x100001c8                isr_pendsv
                0x100001ca                isr_systick
                0x100001cc                isr_irq23
                0x100001cc                isr_irq18
                0x100001cc                isr_irq11
                0x100001cc                isr_irq28
                0x100001cc                isr_irq19
                0x100001cc                isr_irq0
                0x100001cc                isr_irq6
                0x100001cc                isr_irq5
                0x100001cc                isr_irq12
                0x100001cc                isr_irq22
                0x100001cc                isr_irq31
                0x100001cc                isr_irq17
                0x100001cc                isr_irq27
                0x100001cc                isr_irq30
                0x100001cc                isr_irq2
                0x100001cc                isr_irq10
                0x100001cc                isr_irq8
                0x100001cc                isr_irq24
                0x100001cc                isr_irq1
                0x100001cc                isr_irq7
                0x100001cc                isr_irq21
                0x100001cc                isr_irq20
                0x100001cc                isr_irq15
                0x100001cc                isr_irq25
                0x100001cc                isr_irq13
                0x100001cc                __unhandled_user_irq
                0x100001cc                isr_irq4
                0x100001cc                isr_irq16
                0x100001cc                isr_irq29
                0x100001cc                isr_irq26
                0x100001cc                __default_isrs_end
                0x100001cc                isr_irq3
                0x100001cc                isr_irq14
                0x100001cc                isr_irq9
                0x100001d2                unhandled_user_irq_num_in_r0
 *(.binary_info_header)
 .binary_info_header
                0x100001d4       0x14 CMakeFiles/U4T1.dir/C_/Users/Jonas/.pico-sdk/sdk/2.1.0/src/rp2_common/pico_crt0/crt0.S.obj
                0x100001e8                        __binary_info_header_end = .
 *(.embedded_block)
                0x100001e8                        __embedded_block_end = .
 *(.reset)
 .reset         0x100001e8       0x9c CMakeFiles/U4T1.dir/C_/Users/Jonas/.pico-sdk/sdk/2.1.0/src/rp2_common/pico_crt0/crt0.S.obj
                0x100001e8                _entry_point
 *(.init)
 .init          0x10000284        0x4 C:/Users/Jonas/.pico-sdk/toolchain/13_3_Rel1/bin/../lib/gcc/arm-none-eabi/13.3.1/thumb/v6-m/nofp/crti.o
                0x10000284                _init
 *(EXCLUDE_FILE(*libm.a: *libc.a:*lib_a-mem*.o *libgcc.a:) .text*)
 .text.register_tm_clones
                0x10000288       0x28 C:/Users/Jonas/.pico-sdk/toolchain/13_3_Rel1/bin/../lib/gcc/arm-none-eabi/13.3.1/thumb/v6-m/nofp/crtbegin.o
 .text.frame_dummy
                0x100002b0       0x24 C:/Users/Jonas/.pico-sdk/toolchain/13_3_Rel1/bin/../lib/gcc/arm-none-eabi/13.3.1/thumb/v6-m/nofp/crtbegin.o
 .text.initBuzzerPwm
                0x100002d4       0x38 CMakeFiles/U4T1.dir/U4T1.c.obj
                0x100002d4                initBuzzerPwm
 .text.startup.main
                0x1000030c       0xe4 CMakeFiles/U4T1.dir/U4T1.c.obj
                0x1000030c                main
 .text.initKeypad
                0x100003f0       0x68 CMakeFiles/U4T1.dir/keypad/keypad.c.obj
                0x100003f0                initKeypad
 .text.getKey   0x10000458       0x7c CMakeFiles/U4T1.dir/keypad/keypad.c.obj
                0x10000458                getKey
 .text.initNeoPixel
                0x100004d4       0xbc CMakeFiles/U4T1.dir/neopixel/neopixel.c.obj
                0x100004d4                initNeoPixel
 .text.renderRGBMatrix
                0x10000590       0x4c CMakeFiles/U4T1.dir/neopixel/neopixel.c.obj
                0x10000590                renderRGBMatrix
 .text.tecla_asterisco
                0x100005dc       0x14 CMakeFiles/U4T1.dir/functions/Tecla_aste.c.obj
                0x100005dc                tecla_asterisco
 .text.tecla_hash
                0x100005f0       0x24 CMakeFiles/U4T1.dir/functions/Tecla_hash.c.obj
                0x100005f0                tecla_hash
 .text.tecla5   0x10000614       0x90 CMakeFiles/U4T1.dir/functions/Tecla5.c.obj
                0x10000614                tecla5
 .text.tecla6   0x100006a4       0x8c CMakeFiles/U4T1.dir/functions/tecla6.c.obj
                0x100006a4                tecla6
 .text.tecla9   0x10000730      0x11c CMakeFiles/U4T1.dir/functions/tecla9.c.obj
                0x10000730                tecla9
 .text.Tecla8   0x1000084c       0x90 CMakeFiles/U4T1.dir/functions/Tecla8.c.obj
                0x1000084c                Tecla8
 .text.Tecla7   0x100008dc      0x1a8 CMakeFiles/U4T1.dir/functions/Tecla7.c.obj
                0x100008dc                Tecla7
 .text.tecla2   0x10000a84       0x9c CMakeFiles/U4T1.dir/functions/Tecla2.c.obj
                0x10000a84                tecla2
 .text.Tecla1   0x10000b20       0x90 CMakeFiles/U4T1.dir/functions/Tecla1.c.obj
                0x10000b20                Tecla1
 .text.Tecla3   0x10000bb0      0x104 CMakeFiles/U4T1.dir/functions/Tecla3.c.obj
                0x10000bb0                Tecla3
 .text.teclaA   0x10000cb4       0x20 CMakeFiles/U4T1.dir/functions/TeclaA.c.obj
                0x10000cb4                teclaA
 .text.teclaB   0x10000cd4       0x24 CMakeFiles/U4T1.dir/functions/TeclaB.c.obj
                0x10000cd4                teclaB
 .text.teclaC   0x10000cf8       0x24 CMakeFiles/U4T1.dir/functions/TeclaC.c.obj
                0x10000cf8                teclaC
 .text.TeclaD   0x10000d1c       0x24 CMakeFiles/U4T1.dir/functions/TeclaD.c.obj
                0x10000d1c                TeclaD
 .text.gpio_set_function
                0x10000d40       0x34 CMakeFiles/U4T1.dir/C_/Users/Jonas/.pico-sdk/sdk/2.1.0/src/rp2_common/hardware_gpio/gpio.c.obj
                0x10000d40                gpio_set_function
 .text.gpio_set_pulls
                0x10000d74       0x28 CMakeFiles/U4T1.dir/C_/Users/Jonas/.pico-sdk/sdk/2.1.0/src/rp2_common/hardware_gpio/gpio.c.obj
                0x10000d74                gpio_set_pulls
 .text.gpio_init
                0x10000d9c       0x40 CMakeFiles/U4T1.dir/C_/Users/Jonas/.pico-sdk/sdk/2.1.0/src/rp2_common/hardware_gpio/gpio.c.obj
                0x10000d9c                gpio_init
 .text.rp2040_chip_version
                0x10000ddc        0xc CMakeFiles/U4T1.dir/C_/Users/Jonas/.pico-sdk/sdk/2.1.0/src/rp2040/pico_platform/platform.c.obj
                0x10000ddc                rp2040_chip_version
 .text.panic    0x10000de8       0x30 CMakeFiles/U4T1.dir/C_/Users/Jonas/.pico-sdk/sdk/2.1.0/src/rp2_common/pico_platform_panic/panic.c.obj
                0x10000de8                panic
 .text.hw_claim_lock
                0x10000e18       0x18 CMakeFiles/U4T1.dir/C_/Users/Jonas/.pico-sdk/sdk/2.1.0/src/common/hardware_claim/claim.c.obj
                0x10000e18                hw_claim_lock
 .text.hw_claim_unlock
                0x10000e30       0x14 CMakeFiles/U4T1.dir/C_/Users/Jonas/.pico-sdk/sdk/2.1.0/src/common/hardware_claim/claim.c.obj
                0x10000e30                hw_claim_unlock
 .text.hw_claim_or_assert
                0x10000e44       0x44 CMakeFiles/U4T1.dir/C_/Users/Jonas/.pico-sdk/sdk/2.1.0/src/common/hardware_claim/claim.c.obj
                0x10000e44                hw_claim_or_assert
 .text.hw_claim_unused_from_range
                0x10000e88       0x9c CMakeFiles/U4T1.dir/C_/Users/Jonas/.pico-sdk/sdk/2.1.0/src/common/hardware_claim/claim.c.obj
                0x10000e88                hw_claim_unused_from_range
 .text.next_striped_spin_lock_num
                0x10000f24       0x18 CMakeFiles/U4T1.dir/C_/Users/Jonas/.pico-sdk/sdk/2.1.0/src/rp2_common/hardware_sync/sync.c.obj
                0x10000f24                next_striped_spin_lock_num
 .text.spin_lock_claim_unused
                0x10000f3c       0x24 CMakeFiles/U4T1.dir/C_/Users/Jonas/.pico-sdk/sdk/2.1.0/src/rp2_common/hardware_sync/sync.c.obj
                0x10000f3c                spin_lock_claim_unused
 .text.spin_locks_reset
                0x10000f60       0x1c CMakeFiles/U4T1.dir/C_/Users/Jonas/.pico-sdk/sdk/2.1.0/src/rp2_common/hardware_sync_spin_lock/sync_spin_lock.c.obj
                0x10000f60                spin_locks_reset
 .text.runtime_init_per_core_irq_priorities
                0x10000f7c       0x24 CMakeFiles/U4T1.dir/C_/Users/Jonas/.pico-sdk/sdk/2.1.0/src/rp2_common/hardware_irq/irq.c.obj
                0x10000f7c                runtime_init_per_core_irq_priorities
 .text.irq_set_enabled
                0x10000fa0       0x24 CMakeFiles/U4T1.dir/C_/Users/Jonas/.pico-sdk/sdk/2.1.0/src/rp2_common/hardware_irq/irq.c.obj
                0x10000fa0                irq_set_enabled
 .text.irq_is_enabled
                0x10000fc4       0x18 CMakeFiles/U4T1.dir/C_/Users/Jonas/.pico-sdk/sdk/2.1.0/src/rp2_common/hardware_irq/irq.c.obj
                0x10000fc4                irq_is_enabled
 .text.irq_set_pending
                0x10000fdc       0x10 CMakeFiles/U4T1.dir/C_/Users/Jonas/.pico-sdk/sdk/2.1.0/src/rp2_common/hardware_irq/irq.c.obj
                0x10000fdc                irq_set_pending
 .text.irq_has_shared_handler
                0x10000fec       0x2c CMakeFiles/U4T1.dir/C_/Users/Jonas/.pico-sdk/sdk/2.1.0/src/rp2_common/hardware_irq/irq.c.obj
                0x10000fec                irq_has_shared_handler
 .text.irq_set_exclusive_handler
                0x10001018       0x54 CMakeFiles/U4T1.dir/C_/Users/Jonas/.pico-sdk/sdk/2.1.0/src/rp2_common/hardware_irq/irq.c.obj
                0x10001018                irq_set_exclusive_handler
 .text.irq_add_shared_handler
                0x1000106c      0x1f4 CMakeFiles/U4T1.dir/C_/Users/Jonas/.pico-sdk/sdk/2.1.0/src/rp2_common/hardware_irq/irq.c.obj
                0x1000106c                irq_add_shared_handler
 .text.irq_add_tail_to_free_list
                0x10001260       0xb4 CMakeFiles/U4T1.dir/C_/Users/Jonas/.pico-sdk/sdk/2.1.0/src/rp2_common/hardware_irq/irq.c.obj
                0x10001260                irq_add_tail_to_free_list
 .text.user_irq_claim_unused
                0x10001314       0x2c CMakeFiles/U4T1.dir/C_/Users/Jonas/.pico-sdk/sdk/2.1.0/src/rp2_common/hardware_irq/irq.c.obj
                0x10001314                user_irq_claim_unused
 .text.lock_init
                0x10001340       0x10 CMakeFiles/U4T1.dir/C_/Users/Jonas/.pico-sdk/sdk/2.1.0/src/common/pico_sync/lock_core.c.obj
                0x10001340                lock_init
 .text.runtime_init_mutex
                0x10001350       0x50 CMakeFiles/U4T1.dir/C_/Users/Jonas/.pico-sdk/sdk/2.1.0/src/common/pico_sync/mutex.c.obj
                0x10001350                runtime_init_mutex
 .text.mutex_init
                0x100013a0       0x1c CMakeFiles/U4T1.dir/C_/Users/Jonas/.pico-sdk/sdk/2.1.0/src/common/pico_sync/mutex.c.obj
                0x100013a0                mutex_init
 .text.critical_section_init
                0x100013bc       0x1c CMakeFiles/U4T1.dir/C_/Users/Jonas/.pico-sdk/sdk/2.1.0/src/common/pico_sync/critical_section.c.obj
                0x100013bc                critical_section_init
 .text.critical_section_init_with_lock_num
                0x100013d8       0x14 CMakeFiles/U4T1.dir/C_/Users/Jonas/.pico-sdk/sdk/2.1.0/src/common/pico_sync/critical_section.c.obj
                0x100013d8                critical_section_init_with_lock_num
 .text.sleep_until_callback
                0x100013ec       0x30 CMakeFiles/U4T1.dir/C_/Users/Jonas/.pico-sdk/sdk/2.1.0/src/common/pico_time/time.c.obj
 .text.alarm_pool_irq_handler
                0x1000141c      0x2fc CMakeFiles/U4T1.dir/C_/Users/Jonas/.pico-sdk/sdk/2.1.0/src/common/pico_time/time.c.obj
 .text.runtime_init_default_alarm_pool
                0x10001718       0xdc CMakeFiles/U4T1.dir/C_/Users/Jonas/.pico-sdk/sdk/2.1.0/src/common/pico_time/time.c.obj
                0x10001718                runtime_init_default_alarm_pool
 .text.alarm_pool_get_default
                0x100017f4        0x8 CMakeFiles/U4T1.dir/C_/Users/Jonas/.pico-sdk/sdk/2.1.0/src/common/pico_time/time.c.obj
                0x100017f4                alarm_pool_get_default
 .text.alarm_pool_add_alarm_at
                0x100017fc       0xd4 CMakeFiles/U4T1.dir/C_/Users/Jonas/.pico-sdk/sdk/2.1.0/src/common/pico_time/time.c.obj
                0x100017fc                alarm_pool_add_alarm_at
 .text.alarm_pool_add_alarm_at_force_in_context
                0x100018d0       0xb0 CMakeFiles/U4T1.dir/C_/Users/Jonas/.pico-sdk/sdk/2.1.0/src/common/pico_time/time.c.obj
                0x100018d0                alarm_pool_add_alarm_at_force_in_context
 .text.alarm_pool_cancel_alarm
                0x10001980       0x74 CMakeFiles/U4T1.dir/C_/Users/Jonas/.pico-sdk/sdk/2.1.0/src/common/pico_time/time.c.obj
                0x10001980                alarm_pool_cancel_alarm
 .text.alarm_pool_core_num
                0x100019f4        0x4 CMakeFiles/U4T1.dir/C_/Users/Jonas/.pico-sdk/sdk/2.1.0/src/common/pico_time/time.c.obj
                0x100019f4                alarm_pool_core_num
 .text.sleep_until
                0x100019f8       0xd8 CMakeFiles/U4T1.dir/C_/Users/Jonas/.pico-sdk/sdk/2.1.0/src/common/pico_time/time.c.obj
                0x100019f8                sleep_until
 .text.sleep_ms
                0x10001ad0       0x38 CMakeFiles/U4T1.dir/C_/Users/Jonas/.pico-sdk/sdk/2.1.0/src/common/pico_time/time.c.obj
                0x10001ad0                sleep_ms
 .text.best_effort_wfe_or_timeout
                0x10001b08       0xe0 CMakeFiles/U4T1.dir/C_/Users/Jonas/.pico-sdk/sdk/2.1.0/src/common/pico_time/time.c.obj
                0x10001b08                best_effort_wfe_or_timeout
 .text.timer_hardware_alarm_claim
                0x10001be8       0x14 CMakeFiles/U4T1.dir/C_/Users/Jonas/.pico-sdk/sdk/2.1.0/src/rp2_common/hardware_timer/timer.c.obj
                0x10001be8                timer_hardware_alarm_claim
 .text.timer_time_us_64
                0x10001bfc       0x10 CMakeFiles/U4T1.dir/C_/Users/Jonas/.pico-sdk/sdk/2.1.0/src/rp2_common/hardware_timer/timer.c.obj
                0x10001bfc                timer_time_us_64
 .text.time_us_64
                0x10001c0c       0x14 CMakeFiles/U4T1.dir/C_/Users/Jonas/.pico-sdk/sdk/2.1.0/src/rp2_common/hardware_timer/timer.c.obj
                0x10001c0c                time_us_64
 .text.busy_wait_until
                0x10001c20       0x20 CMakeFiles/U4T1.dir/C_/Users/Jonas/.pico-sdk/sdk/2.1.0/src/rp2_common/hardware_timer/timer.c.obj
                0x10001c20                busy_wait_until
 .text.clock_configure_int_divider
                0x10001c40       0xf4 CMakeFiles/U4T1.dir/C_/Users/Jonas/.pico-sdk/sdk/2.1.0/src/rp2_common/hardware_clocks/clocks.c.obj
                0x10001c40                clock_configure_int_divider
 .text.clock_configure_undivided
                0x10001d34       0xe8 CMakeFiles/U4T1.dir/C_/Users/Jonas/.pico-sdk/sdk/2.1.0/src/rp2_common/hardware_clocks/clocks.c.obj
                0x10001d34                clock_configure_undivided
 .text.clock_get_hz
                0x10001e1c        0xc CMakeFiles/U4T1.dir/C_/Users/Jonas/.pico-sdk/sdk/2.1.0/src/rp2_common/hardware_clocks/clocks.c.obj
                0x10001e1c                clock_get_hz
 .text.pll_init
                0x10001e28       0xa4 CMakeFiles/U4T1.dir/C_/Users/Jonas/.pico-sdk/sdk/2.1.0/src/rp2_common/hardware_pll/pll.c.obj
                0x10001e28                pll_init
 .text.watchdog_reboot
                0x10001ecc       0x9c CMakeFiles/U4T1.dir/C_/Users/Jonas/.pico-sdk/sdk/2.1.0/src/rp2_common/hardware_watchdog/watchdog.c.obj
                0x10001ecc                watchdog_reboot
 .text.tick_start
                0x10001f68       0x10 CMakeFiles/U4T1.dir/C_/Users/Jonas/.pico-sdk/sdk/2.1.0/src/rp2_common/hardware_ticks/ticks.c.obj
                0x10001f68                tick_start
 .text.rom_func_lookup
                0x10001f78       0x10 CMakeFiles/U4T1.dir/C_/Users/Jonas/.pico-sdk/sdk/2.1.0/src/rp2_common/pico_bootrom/bootrom.c.obj
                0x10001f78                rom_func_lookup
 .text.rom_data_lookup
                0x10001f88       0x10 CMakeFiles/U4T1.dir/C_/Users/Jonas/.pico-sdk/sdk/2.1.0/src/rp2_common/pico_bootrom/bootrom.c.obj
                0x10001f88                rom_data_lookup
 .text.rom_funcs_lookup
                0x10001f98       0x44 CMakeFiles/U4T1.dir/C_/Users/Jonas/.pico-sdk/sdk/2.1.0/src/rp2_common/pico_bootrom/bootrom.c.obj
                0x10001f98                rom_funcs_lookup
 .text.rom_reset_usb_boot
                0x10001fdc       0x20 CMakeFiles/U4T1.dir/C_/Users/Jonas/.pico-sdk/sdk/2.1.0/src/rp2_common/pico_bootrom/bootrom.c.obj
                0x10001fdc                rom_reset_usb_boot
 .text.rom_reset_usb_boot_extra
                0x10001ffc       0x28 CMakeFiles/U4T1.dir/C_/Users/Jonas/.pico-sdk/sdk/2.1.0/src/rp2_common/pico_bootrom/bootrom.c.obj
                0x10001ffc                rom_reset_usb_boot_extra
 .text.xosc_init
                0x10002024       0x28 CMakeFiles/U4T1.dir/C_/Users/Jonas/.pico-sdk/sdk/2.1.0/src/rp2_common/hardware_xosc/xosc.c.obj
                0x10002024                xosc_init
 .text.first_per_core_initializer
                0x1000204c        0x4 CMakeFiles/U4T1.dir/C_/Users/Jonas/.pico-sdk/sdk/2.1.0/src/rp2_common/pico_runtime/runtime.c.obj
 .text.hard_assertion_failure
                0x10002050        0xc CMakeFiles/U4T1.dir/C_/Users/Jonas/.pico-sdk/sdk/2.1.0/src/rp2_common/pico_runtime/runtime.c.obj
                0x10002050                hard_assertion_failure
 .text.runtime_run_initializers
                0x1000205c       0x28 CMakeFiles/U4T1.dir/C_/Users/Jonas/.pico-sdk/sdk/2.1.0/src/rp2_common/pico_runtime/runtime.c.obj
                0x1000205c                runtime_run_initializers
 .text.runtime_init_early_resets
                0x10002084       0x2c CMakeFiles/U4T1.dir/C_/Users/Jonas/.pico-sdk/sdk/2.1.0/src/rp2_common/pico_runtime_init/runtime_init.c.obj
                0x10002084                runtime_init_early_resets
 .text.runtime_init_usb_power_down
                0x100020b0       0x1c CMakeFiles/U4T1.dir/C_/Users/Jonas/.pico-sdk/sdk/2.1.0/src/rp2_common/pico_runtime_init/runtime_init.c.obj
                0x100020b0                runtime_init_usb_power_down
 .text.runtime_init_post_clock_resets
                0x100020cc       0x20 CMakeFiles/U4T1.dir/C_/Users/Jonas/.pico-sdk/sdk/2.1.0/src/rp2_common/pico_runtime_init/runtime_init.c.obj
                0x100020cc                runtime_init_post_clock_resets
 .text.runtime_init_rp2040_gpio_ie_disable
                0x100020ec       0x14 CMakeFiles/U4T1.dir/C_/Users/Jonas/.pico-sdk/sdk/2.1.0/src/rp2_common/pico_runtime_init/runtime_init.c.obj
                0x100020ec                runtime_init_rp2040_gpio_ie_disable
 .text.runtime_init_spin_locks_reset
                0x10002100        0x8 CMakeFiles/U4T1.dir/C_/Users/Jonas/.pico-sdk/sdk/2.1.0/src/rp2_common/pico_runtime_init/runtime_init.c.obj
                0x10002100                runtime_init_spin_locks_reset
 .text.runtime_init_install_ram_vector_table
                0x10002108       0x1c CMakeFiles/U4T1.dir/C_/Users/Jonas/.pico-sdk/sdk/2.1.0/src/rp2_common/pico_runtime_init/runtime_init.c.obj
                0x10002108                runtime_init_install_ram_vector_table
 .text.runtime_init_clocks
                0x10002124       0xd8 CMakeFiles/U4T1.dir/C_/Users/Jonas/.pico-sdk/sdk/2.1.0/src/rp2_common/pico_runtime_init/runtime_init_clocks.c.obj
                0x10002124                runtime_init_clocks
 .text          0x100021fc       0x10 CMakeFiles/U4T1.dir/C_/Users/Jonas/.pico-sdk/sdk/2.1.0/src/rp2_common/pico_bit_ops/bit_ops_aeabi.S.obj
 .text.__wrap___aeabi_idiv
                0x1000220c       0x50 CMakeFiles/U4T1.dir/C_/Users/Jonas/.pico-sdk/sdk/2.1.0/src/rp2_common/pico_divider/divider_hardware.S.obj
                0x1000220c                __wrap___aeabi_idivmod
                0x1000220c                divmod_s32s32
                0x1000220c                div_s32s32
                0x1000220c                __wrap___aeabi_idiv
                0x10002214                divmod_s32s32_unsafe
                0x10002240                divmod_s32s32_savestate
 .text.__wrap___aeabi_uidiv
                0x1000225c       0x4c CMakeFiles/U4T1.dir/C_/Users/Jonas/.pico-sdk/sdk/2.1.0/src/rp2_common/pico_divider/divider_hardware.S.obj
                0x1000225c                __wrap___aeabi_uidiv
                0x1000225c                __wrap___aeabi_uidivmod
                0x1000225c                div_u32u32
                0x1000225c                divmod_u32u32
                0x10002264                divmod_u32u32_unsafe
                0x1000228c                divmod_u32u32_savestate
 .text.__wrap___aeabi_ldiv
                0x100022a8      0x424 CMakeFiles/U4T1.dir/C_/Users/Jonas/.pico-sdk/sdk/2.1.0/src/rp2_common/pico_divider/divider_hardware.S.obj
                0x100022a8                div_s64s64
                0x100022a8                divmod_s64s64
                0x100022a8                __wrap___aeabi_ldivmod
                0x100022d8                divmod_u64u64
                0x100022d8                div_u64u64
                0x100022d8                __wrap___aeabi_uldivmod
                0x100022e8                divmod_u64u64_savestate
                0x10002308                divmod_s64s64_unsafe
                0x10002390                divmod_u64u64_unsafe
 .text.__wrap___aeabi_darithmetic
                0x100026cc       0x60 CMakeFiles/U4T1.dir/C_/Users/Jonas/.pico-sdk/sdk/2.1.0/src/rp2_common/pico_double/double_aeabi_rp2040.S.obj
                0x100026cc                __wrap___aeabi_drsub
                0x100026d2                __wrap___aeabi_dsub
                0x100026dc                __wrap___aeabi_dadd
                0x100026e6                __wrap___aeabi_ddiv
                0x1000271a                __wrap___aeabi_dmul
 .text.__wrap___aeabi_cdcmple
                0x1000272c       0x6c CMakeFiles/U4T1.dir/C_/Users/Jonas/.pico-sdk/sdk/2.1.0/src/rp2_common/pico_double/double_aeabi_rp2040.S.obj
                0x1000272c                __wrap___aeabi_cdrcmple
                0x1000273c                __wrap___aeabi_cdcmpeq
                0x1000273c                __wrap___aeabi_cdcmple
 .text.__wrap___aeabi_dcmplt
                0x10002798        0xc CMakeFiles/U4T1.dir/C_/Users/Jonas/.pico-sdk/sdk/2.1.0/src/rp2_common/pico_double/double_aeabi_rp2040.S.obj
                0x10002798                __wrap___aeabi_dcmplt
 .text.__wrap___aeabi_dcmpge
                0x100027a4       0x10 CMakeFiles/U4T1.dir/C_/Users/Jonas/.pico-sdk/sdk/2.1.0/src/rp2_common/pico_double/double_aeabi_rp2040.S.obj
                0x100027a4                __wrap___aeabi_dcmpge
 .text.__wrap___aeabi_dcmpgt
                0x100027b4        0xa CMakeFiles/U4T1.dir/C_/Users/Jonas/.pico-sdk/sdk/2.1.0/src/rp2_common/pico_double/double_aeabi_rp2040.S.obj
                0x100027b4                __wrap___aeabi_dcmpgt
 .text.__wrap___aeabi_dcmpun
                0x100027be       0x18 CMakeFiles/U4T1.dir/C_/Users/Jonas/.pico-sdk/sdk/2.1.0/src/rp2_common/pico_double/double_aeabi_rp2040.S.obj
                0x100027be                __wrap___aeabi_dcmpun
 *fill*         0x100027d6        0x2 
 .text.__wrap___aeabi_i2d
                0x100027d8       0x38 CMakeFiles/U4T1.dir/C_/Users/Jonas/.pico-sdk/sdk/2.1.0/src/rp2_common/pico_double/double_aeabi_rp2040.S.obj
                0x100027d8                __wrap___aeabi_ui2d
                0x100027e0                __wrap___aeabi_i2d
 .text.__wrap___aeabi_d2iz
                0x10002810       0x48 CMakeFiles/U4T1.dir/C_/Users/Jonas/.pico-sdk/sdk/2.1.0/src/rp2_common/pico_double/double_aeabi_rp2040.S.obj
                0x10002810                double2int_z
                0x10002810                __wrap___aeabi_d2iz
 .text.__wrap___aeabi_d2uiz
                0x10002858       0x10 CMakeFiles/U4T1.dir/C_/Users/Jonas/.pico-sdk/sdk/2.1.0/src/rp2_common/pico_double/double_aeabi_rp2040.S.obj
                0x10002858                __wrap___aeabi_d2uiz
                0x10002858                double2uint
 .text.missing_double_func_shim
                0x10002868        0xc CMakeFiles/U4T1.dir/C_/Users/Jonas/.pico-sdk/sdk/2.1.0/src/rp2_common/pico_double/double_init_rom_rp2040.c.obj
 .text.__aeabi_double_init
                0x10002874       0xa0 CMakeFiles/U4T1.dir/C_/Users/Jonas/.pico-sdk/sdk/2.1.0/src/rp2_common/pico_double/double_init_rom_rp2040.c.obj
                0x10002874                __aeabi_double_init
 .text.double_table_shim_on_use_helper
                0x10002914       0x2c CMakeFiles/U4T1.dir/C_/Users/Jonas/.pico-sdk/sdk/2.1.0/src/rp2_common/pico_double/double_v1_rom_shim_rp2040.S.obj
                0x10002914                double_table_shim_on_use_helper
 .text.__aeabi_lmul
                0x10002940       0x32 CMakeFiles/U4T1.dir/C_/Users/Jonas/.pico-sdk/sdk/2.1.0/src/rp2_common/pico_int64_ops/pico_int64_ops_aeabi.S.obj
                0x10002940                __wrap___aeabi_lmul
 *fill*         0x10002972        0x2 
 .text.__wrap___aeabi_farithmetic
                0x10002974       0x48 CMakeFiles/U4T1.dir/C_/Users/Jonas/.pico-sdk/sdk/2.1.0/src/rp2_common/pico_float/float_aeabi_rp2040.S.obj
                0x10002974                __wrap___aeabi_frsub
                0x1000297a                __wrap___aeabi_fsub
                0x10002980                __wrap___aeabi_fadd
                0x10002986                __wrap___aeabi_fdiv
                0x100029ae                __wrap___aeabi_fmul
 .text.__wrap___aeabi_ui2f
                0x100029bc        0xa CMakeFiles/U4T1.dir/C_/Users/Jonas/.pico-sdk/sdk/2.1.0/src/rp2_common/pico_float/float_aeabi_rp2040.S.obj
                0x100029bc                __wrap___aeabi_ui2f
                0x100029bc                uint2float
 *fill*         0x100029c6        0x2 
 .text.__wrap___aeabi_i2f
                0x100029c8       0x44 CMakeFiles/U4T1.dir/C_/Users/Jonas/.pico-sdk/sdk/2.1.0/src/rp2_common/pico_float/float_aeabi_rp2040.S.obj
                0x100029c8                __wrap___aeabi_i2f
                0x100029c8                int2float
 .text.__wrap___aeabi_f2uiz
                0x10002a0c        0xc CMakeFiles/U4T1.dir/C_/Users/Jonas/.pico-sdk/sdk/2.1.0/src/rp2_common/pico_float/float_aeabi_rp2040.S.obj
                0x10002a0c                __wrap___aeabi_f2uiz
                0x10002a0c                float2uint_z
 .text.missing_float_func_shim
                0x10002a18        0xc CMakeFiles/U4T1.dir/C_/Users/Jonas/.pico-sdk/sdk/2.1.0/src/rp2_common/pico_float/float_init_rom_rp2040.c.obj
 .text.__aeabi_float_init
                0x10002a24       0x5c CMakeFiles/U4T1.dir/C_/Users/Jonas/.pico-sdk/sdk/2.1.0/src/rp2_common/pico_float/float_init_rom_rp2040.c.obj
                0x10002a24                __aeabi_float_init
 .text          0x10002a80       0x10 CMakeFiles/U4T1.dir/C_/Users/Jonas/.pico-sdk/sdk/2.1.0/src/rp2_common/pico_mem_ops/mem_ops_aeabi.S.obj
                0x10002a80                __aeabi_mem_init
 .text.memset   0x10002a90        0xc CMakeFiles/U4T1.dir/C_/Users/Jonas/.pico-sdk/sdk/2.1.0/src/rp2_common/pico_mem_ops/mem_ops_aeabi.S.obj
                0x10002a90                __wrap_memset
 .text.memcpy   0x10002a9c        0xc CMakeFiles/U4T1.dir/C_/Users/Jonas/.pico-sdk/sdk/2.1.0/src/rp2_common/pico_mem_ops/mem_ops_aeabi.S.obj
                0x10002a9c                __wrap_memcpy
                0x10002a9c                __wrap___aeabi_memcpy
 .text._out_null
                0x10002aa8        0x4 CMakeFiles/U4T1.dir/C_/Users/Jonas/.pico-sdk/sdk/2.1.0/src/rp2_common/pico_printf/printf.c.obj
 .text._out_rev
                0x10002aac       0xac CMakeFiles/U4T1.dir/C_/Users/Jonas/.pico-sdk/sdk/2.1.0/src/rp2_common/pico_printf/printf.c.obj
 .text._ntoa_format
                0x10002b58      0x250 CMakeFiles/U4T1.dir/C_/Users/Jonas/.pico-sdk/sdk/2.1.0/src/rp2_common/pico_printf/printf.c.obj
 .text._out_char
                0x10002da8       0x10 CMakeFiles/U4T1.dir/C_/Users/Jonas/.pico-sdk/sdk/2.1.0/src/rp2_common/pico_printf/printf.c.obj
 .text._out_fct
                0x10002db8       0x10 CMakeFiles/U4T1.dir/C_/Users/Jonas/.pico-sdk/sdk/2.1.0/src/rp2_common/pico_printf/printf.c.obj
 .text._etoa    0x10002dc8      0x464 CMakeFiles/U4T1.dir/C_/Users/Jonas/.pico-sdk/sdk/2.1.0/src/rp2_common/pico_printf/printf.c.obj
 .text._ftoa    0x1000322c      0x3c0 CMakeFiles/U4T1.dir/C_/Users/Jonas/.pico-sdk/sdk/2.1.0/src/rp2_common/pico_printf/printf.c.obj
 .text._vsnprintf
                0x100035ec      0xbc8 CMakeFiles/U4T1.dir/C_/Users/Jonas/.pico-sdk/sdk/2.1.0/src/rp2_common/pico_printf/printf.c.obj
 .text.vfctprintf
                0x100041b4       0x20 CMakeFiles/U4T1.dir/C_/Users/Jonas/.pico-sdk/sdk/2.1.0/src/rp2_common/pico_printf/printf.c.obj
                0x100041b4                vfctprintf
 .text.weak_raw_vprintf
                0x100041d4       0x30 CMakeFiles/U4T1.dir/C_/Users/Jonas/.pico-sdk/sdk/2.1.0/src/rp2_common/pico_printf/printf.c.obj
                0x100041d4                weak_raw_vprintf
 .text._exit    0x10004204        0x4 CMakeFiles/U4T1.dir/C_/Users/Jonas/.pico-sdk/sdk/2.1.0/src/rp2_common/pico_clib_interface/newlib_interface.c.obj
                0x10004204                _exit
 .text.exit     0x10004208        0x8 CMakeFiles/U4T1.dir/C_/Users/Jonas/.pico-sdk/sdk/2.1.0/src/rp2_common/pico_clib_interface/newlib_interface.c.obj
                0x10004208                exit
 .text.runtime_init
                0x10004210       0x2c CMakeFiles/U4T1.dir/C_/Users/Jonas/.pico-sdk/sdk/2.1.0/src/rp2_common/pico_clib_interface/newlib_interface.c.obj
                0x10004210                runtime_init
 .text.stdio_out_chars_no_crlf
                0x1000423c       0x10 CMakeFiles/U4T1.dir/C_/Users/Jonas/.pico-sdk/sdk/2.1.0/src/rp2_common/pico_stdio/stdio.c.obj
 .text.stdio_out_chars_crlf
                0x1000424c       0x94 CMakeFiles/U4T1.dir/C_/Users/Jonas/.pico-sdk/sdk/2.1.0/src/rp2_common/pico_stdio/stdio.c.obj
 .text.stdio_buffered_printer
                0x100042e0       0x64 CMakeFiles/U4T1.dir/C_/Users/Jonas/.pico-sdk/sdk/2.1.0/src/rp2_common/pico_stdio/stdio.c.obj
 .text.stdio_put_string
                0x10004344      0x100 CMakeFiles/U4T1.dir/C_/Users/Jonas/.pico-sdk/sdk/2.1.0/src/rp2_common/pico_stdio/stdio.c.obj
                0x10004344                stdio_put_string
 .text.stdio_set_driver_enabled
                0x10004444       0x30 CMakeFiles/U4T1.dir/C_/Users/Jonas/.pico-sdk/sdk/2.1.0/src/rp2_common/pico_stdio/stdio.c.obj
                0x10004444                stdio_set_driver_enabled
 .text.stdio_init_all
                0x10004474        0x8 CMakeFiles/U4T1.dir/C_/Users/Jonas/.pico-sdk/sdk/2.1.0/src/rp2_common/pico_stdio/stdio.c.obj
                0x10004474                stdio_init_all
 .text.__wrap_putchar
                0x1000447c       0x98 CMakeFiles/U4T1.dir/C_/Users/Jonas/.pico-sdk/sdk/2.1.0/src/rp2_common/pico_stdio/stdio.c.obj
                0x1000447c                __wrap_putchar
                0x1000447c                stdio_putchar
 .text.__wrap_puts
                0x10004514       0x3c CMakeFiles/U4T1.dir/C_/Users/Jonas/.pico-sdk/sdk/2.1.0/src/rp2_common/pico_stdio/stdio.c.obj
                0x10004514                stdio_puts
                0x10004514                __wrap_puts
 .text.__wrap_vprintf
                0x10004550       0xd4 CMakeFiles/U4T1.dir/C_/Users/Jonas/.pico-sdk/sdk/2.1.0/src/rp2_common/pico_stdio/stdio.c.obj
                0x10004550                stdio_vprintf
                0x10004550                __wrap_vprintf
 .text.__wrap_printf
                0x10004624       0x18 CMakeFiles/U4T1.dir/C_/Users/Jonas/.pico-sdk/sdk/2.1.0/src/rp2_common/pico_stdio/stdio.c.obj
                0x10004624                __wrap_printf
                0x10004624                stdio_printf
 .text.resetd_init
                0x1000463c        0x4 CMakeFiles/U4T1.dir/C_/Users/Jonas/.pico-sdk/sdk/2.1.0/src/rp2_common/pico_stdio_usb/reset_interface.c.obj
 .text.resetd_reset
                0x10004640        0xc CMakeFiles/U4T1.dir/C_/Users/Jonas/.pico-sdk/sdk/2.1.0/src/rp2_common/pico_stdio_usb/reset_interface.c.obj
 .text.resetd_open
                0x1000464c       0x28 CMakeFiles/U4T1.dir/C_/Users/Jonas/.pico-sdk/sdk/2.1.0/src/rp2_common/pico_stdio_usb/reset_interface.c.obj
 .text.resetd_xfer_cb
                0x10004674        0x4 CMakeFiles/U4T1.dir/C_/Users/Jonas/.pico-sdk/sdk/2.1.0/src/rp2_common/pico_stdio_usb/reset_interface.c.obj
 .text.resetd_control_xfer_cb
                0x10004678       0x5c CMakeFiles/U4T1.dir/C_/Users/Jonas/.pico-sdk/sdk/2.1.0/src/rp2_common/pico_stdio_usb/reset_interface.c.obj
 .text.tud_descriptor_bos_cb
                0x100046d4        0x8 CMakeFiles/U4T1.dir/C_/Users/Jonas/.pico-sdk/sdk/2.1.0/src/rp2_common/pico_stdio_usb/reset_interface.c.obj
                0x100046d4                tud_descriptor_bos_cb
 .text.tud_vendor_control_xfer_cb
                0x100046dc       0x34 CMakeFiles/U4T1.dir/C_/Users/Jonas/.pico-sdk/sdk/2.1.0/src/rp2_common/pico_stdio_usb/reset_interface.c.obj
                0x100046dc                tud_vendor_control_xfer_cb
 .text.usbd_app_driver_get_cb
                0x10004710        0xc CMakeFiles/U4T1.dir/C_/Users/Jonas/.pico-sdk/sdk/2.1.0/src/rp2_common/pico_stdio_usb/reset_interface.c.obj
                0x10004710                usbd_app_driver_get_cb
 .text.tud_cdc_line_coding_cb
                0x1000471c       0x2c CMakeFiles/U4T1.dir/C_/Users/Jonas/.pico-sdk/sdk/2.1.0/src/rp2_common/pico_stdio_usb/reset_interface.c.obj
                0x1000471c                tud_cdc_line_coding_cb
 .text.stdio_usb_set_chars_available_callback
                0x10004748       0x14 CMakeFiles/U4T1.dir/C_/Users/Jonas/.pico-sdk/sdk/2.1.0/src/rp2_common/pico_stdio_usb/stdio_usb.c.obj
                0x10004748                stdio_usb_set_chars_available_callback
 .text.usb_irq  0x1000475c       0x10 CMakeFiles/U4T1.dir/C_/Users/Jonas/.pico-sdk/sdk/2.1.0/src/rp2_common/pico_stdio_usb/stdio_usb.c.obj
 .text.timer_task
                0x1000476c       0x64 CMakeFiles/U4T1.dir/C_/Users/Jonas/.pico-sdk/sdk/2.1.0/src/rp2_common/pico_stdio_usb/stdio_usb.c.obj
 .text.stdio_usb_in_chars
                0x100047d0       0x90 CMakeFiles/U4T1.dir/C_/Users/Jonas/.pico-sdk/sdk/2.1.0/src/rp2_common/pico_stdio_usb/stdio_usb.c.obj
                0x100047d0                stdio_usb_in_chars
 .text.stdio_usb_out_flush
                0x10004860       0x50 CMakeFiles/U4T1.dir/C_/Users/Jonas/.pico-sdk/sdk/2.1.0/src/rp2_common/pico_stdio_usb/stdio_usb.c.obj
 .text.stdio_usb_out_chars
                0x100048b0      0x104 CMakeFiles/U4T1.dir/C_/Users/Jonas/.pico-sdk/sdk/2.1.0/src/rp2_common/pico_stdio_usb/stdio_usb.c.obj
 .text.low_priority_worker_irq
                0x100049b4       0xcc CMakeFiles/U4T1.dir/C_/Users/Jonas/.pico-sdk/sdk/2.1.0/src/rp2_common/pico_stdio_usb/stdio_usb.c.obj
 .text.stdio_usb_init
                0x10004a80       0xe8 CMakeFiles/U4T1.dir/C_/Users/Jonas/.pico-sdk/sdk/2.1.0/src/rp2_common/pico_stdio_usb/stdio_usb.c.obj
                0x10004a80                stdio_usb_init
 .text.tud_descriptor_device_cb
                0x10004b68        0x8 CMakeFiles/U4T1.dir/C_/Users/Jonas/.pico-sdk/sdk/2.1.0/src/rp2_common/pico_stdio_usb/stdio_usb_descriptors.c.obj
                0x10004b68                tud_descriptor_device_cb
 .text.tud_descriptor_configuration_cb
                0x10004b70        0x8 CMakeFiles/U4T1.dir/C_/Users/Jonas/.pico-sdk/sdk/2.1.0/src/rp2_common/pico_stdio_usb/stdio_usb_descriptors.c.obj
                0x10004b70                tud_descriptor_configuration_cb
 .text.tud_descriptor_string_cb
                0x10004b78       0x78 CMakeFiles/U4T1.dir/C_/Users/Jonas/.pico-sdk/sdk/2.1.0/src/rp2_common/pico_stdio_usb/stdio_usb_descriptors.c.obj
                0x10004b78                tud_descriptor_string_cb
 .text.startup._retrieve_unique_id_on_boot
                0x10004bf0       0x10 CMakeFiles/U4T1.dir/C_/Users/Jonas/.pico-sdk/sdk/2.1.0/src/rp2_common/pico_unique_id/unique_id.c.obj
 .text.pico_get_unique_board_id_string
                0x10004c00      0x1a8 CMakeFiles/U4T1.dir/C_/Users/Jonas/.pico-sdk/sdk/2.1.0/src/rp2_common/pico_unique_id/unique_id.c.obj
                0x10004c00                pico_get_unique_board_id_string
 .text.flash_get_unique_id
                0x10004da8       0x3c CMakeFiles/U4T1.dir/C_/Users/Jonas/.pico-sdk/sdk/2.1.0/src/rp2_common/hardware_flash/flash.c.obj
                0x10004da8                flash_get_unique_id
 .text.dcd_init
                0x10004de4       0x8c CMakeFiles/U4T1.dir/C_/Users/Jonas/.pico-sdk/sdk/2.1.0/lib/tinyusb/src/portable/raspberrypi/rp2040/dcd_rp2040.c.obj
                0x10004de4                dcd_init
 .text.dcd_int_enable
                0x10004e70        0xc CMakeFiles/U4T1.dir/C_/Users/Jonas/.pico-sdk/sdk/2.1.0/lib/tinyusb/src/portable/raspberrypi/rp2040/dcd_rp2040.c.obj
                0x10004e70                dcd_int_enable
 .text.dcd_set_address
                0x10004e7c       0x14 CMakeFiles/U4T1.dir/C_/Users/Jonas/.pico-sdk/sdk/2.1.0/lib/tinyusb/src/portable/raspberrypi/rp2040/dcd_rp2040.c.obj
                0x10004e7c                dcd_set_address
 .text.dcd_sof_enable
                0x10004e90       0x1c CMakeFiles/U4T1.dir/C_/Users/Jonas/.pico-sdk/sdk/2.1.0/lib/tinyusb/src/portable/raspberrypi/rp2040/dcd_rp2040.c.obj
                0x10004e90                dcd_sof_enable
 .text.dcd_edpt0_status_complete
                0x10004eac       0x1c CMakeFiles/U4T1.dir/C_/Users/Jonas/.pico-sdk/sdk/2.1.0/lib/tinyusb/src/portable/raspberrypi/rp2040/dcd_rp2040.c.obj
                0x10004eac                dcd_edpt0_status_complete
 .text.dcd_edpt_open
                0x10004ec8      0x108 CMakeFiles/U4T1.dir/C_/Users/Jonas/.pico-sdk/sdk/2.1.0/lib/tinyusb/src/portable/raspberrypi/rp2040/dcd_rp2040.c.obj
                0x10004ec8                dcd_edpt_open
 .text.dcd_edpt_close_all
                0x10004fd0        0x8 CMakeFiles/U4T1.dir/C_/Users/Jonas/.pico-sdk/sdk/2.1.0/lib/tinyusb/src/portable/raspberrypi/rp2040/dcd_rp2040.c.obj
                0x10004fd0                dcd_edpt_close_all
 .text.dcd_edpt_xfer
                0x10004fd8       0x24 CMakeFiles/U4T1.dir/C_/Users/Jonas/.pico-sdk/sdk/2.1.0/lib/tinyusb/src/portable/raspberrypi/rp2040/dcd_rp2040.c.obj
                0x10004fd8                dcd_edpt_xfer
 .text.dcd_edpt_stall
                0x10004ffc       0x34 CMakeFiles/U4T1.dir/C_/Users/Jonas/.pico-sdk/sdk/2.1.0/lib/tinyusb/src/portable/raspberrypi/rp2040/dcd_rp2040.c.obj
                0x10004ffc                dcd_edpt_stall
 .text.dcd_edpt_clear_stall
                0x10005030       0x30 CMakeFiles/U4T1.dir/C_/Users/Jonas/.pico-sdk/sdk/2.1.0/lib/tinyusb/src/portable/raspberrypi/rp2040/dcd_rp2040.c.obj
                0x10005030                dcd_edpt_clear_stall
 .text.rp2040_usb_init
                0x10005060       0x40 CMakeFiles/U4T1.dir/C_/Users/Jonas/.pico-sdk/sdk/2.1.0/lib/tinyusb/src/portable/raspberrypi/rp2040/rp2040_usb.c.obj
                0x10005060                rp2040_usb_init
 .text.hw_endpoint_xfer_start
                0x100050a0       0x40 CMakeFiles/U4T1.dir/C_/Users/Jonas/.pico-sdk/sdk/2.1.0/lib/tinyusb/src/portable/raspberrypi/rp2040/rp2040_usb.c.obj
                0x100050a0                hw_endpoint_xfer_start
 .text.tud_event_hook_cb
                0x100050e0        0x4 CMakeFiles/U4T1.dir/C_/Users/Jonas/.pico-sdk/sdk/2.1.0/lib/tinyusb/src/device/usbd.c.obj
                0x100050e0                tud_event_hook_cb
 .text.tud_sof_cb
                0x100050e4        0x4 CMakeFiles/U4T1.dir/C_/Users/Jonas/.pico-sdk/sdk/2.1.0/lib/tinyusb/src/device/usbd.c.obj
                0x100050e4                tud_sof_cb
 .text.tud_descriptor_device_qualifier_cb
                0x100050e8        0x4 CMakeFiles/U4T1.dir/C_/Users/Jonas/.pico-sdk/sdk/2.1.0/lib/tinyusb/src/device/usbd.c.obj
                0x100050e8                tud_descriptor_device_qualifier_cb
 .text.tud_descriptor_other_speed_configuration_cb
                0x100050ec        0x4 CMakeFiles/U4T1.dir/C_/Users/Jonas/.pico-sdk/sdk/2.1.0/lib/tinyusb/src/device/usbd.c.obj
                0x100050ec                tud_descriptor_other_speed_configuration_cb
 .text.tud_mount_cb
                0x100050f0        0x4 CMakeFiles/U4T1.dir/C_/Users/Jonas/.pico-sdk/sdk/2.1.0/lib/tinyusb/src/device/usbd.c.obj
                0x100050f0                tud_mount_cb
 .text.tud_umount_cb
                0x100050f4        0x4 CMakeFiles/U4T1.dir/C_/Users/Jonas/.pico-sdk/sdk/2.1.0/lib/tinyusb/src/device/usbd.c.obj
                0x100050f4                tud_umount_cb
 .text.tud_suspend_cb
                0x100050f8        0x4 CMakeFiles/U4T1.dir/C_/Users/Jonas/.pico-sdk/sdk/2.1.0/lib/tinyusb/src/device/usbd.c.obj
                0x100050f8                tud_suspend_cb
 .text.tud_resume_cb
                0x100050fc        0x4 CMakeFiles/U4T1.dir/C_/Users/Jonas/.pico-sdk/sdk/2.1.0/lib/tinyusb/src/device/usbd.c.obj
                0x100050fc                tud_resume_cb
 .text.tud_mounted
                0x10005100       0x10 CMakeFiles/U4T1.dir/C_/Users/Jonas/.pico-sdk/sdk/2.1.0/lib/tinyusb/src/device/usbd.c.obj
                0x10005100                tud_mounted
 .text.tud_suspended
                0x10005110       0x10 CMakeFiles/U4T1.dir/C_/Users/Jonas/.pico-sdk/sdk/2.1.0/lib/tinyusb/src/device/usbd.c.obj
                0x10005110                tud_suspended
 .text.tud_init
                0x10005120       0xe4 CMakeFiles/U4T1.dir/C_/Users/Jonas/.pico-sdk/sdk/2.1.0/lib/tinyusb/src/device/usbd.c.obj
                0x10005120                tud_init
 .text.tud_task_ext
                0x10005204      0x800 CMakeFiles/U4T1.dir/C_/Users/Jonas/.pico-sdk/sdk/2.1.0/lib/tinyusb/src/device/usbd.c.obj
                0x10005204                tud_task_ext
 .text.usbd_open_edpt_pair
                0x10005a04       0x9c CMakeFiles/U4T1.dir/C_/Users/Jonas/.pico-sdk/sdk/2.1.0/lib/tinyusb/src/device/usbd.c.obj
                0x10005a04                usbd_open_edpt_pair
 .text.usbd_edpt_open
                0x10005aa0       0x34 CMakeFiles/U4T1.dir/C_/Users/Jonas/.pico-sdk/sdk/2.1.0/lib/tinyusb/src/device/usbd.c.obj
                0x10005aa0                usbd_edpt_open
 .text.usbd_edpt_claim
                0x10005ad4       0x28 CMakeFiles/U4T1.dir/C_/Users/Jonas/.pico-sdk/sdk/2.1.0/lib/tinyusb/src/device/usbd.c.obj
                0x10005ad4                usbd_edpt_claim
 .text.usbd_edpt_release
                0x10005afc       0x28 CMakeFiles/U4T1.dir/C_/Users/Jonas/.pico-sdk/sdk/2.1.0/lib/tinyusb/src/device/usbd.c.obj
                0x10005afc                usbd_edpt_release
 .text.usbd_edpt_xfer
                0x10005b24       0x4c CMakeFiles/U4T1.dir/C_/Users/Jonas/.pico-sdk/sdk/2.1.0/lib/tinyusb/src/device/usbd.c.obj
                0x10005b24                usbd_edpt_xfer
 .text.tud_control_status
                0x10005b70       0x2c CMakeFiles/U4T1.dir/C_/Users/Jonas/.pico-sdk/sdk/2.1.0/lib/tinyusb/src/device/usbd_control.c.obj
                0x10005b70                tud_control_status
 .text.tud_control_xfer
                0x10005b9c       0xac CMakeFiles/U4T1.dir/C_/Users/Jonas/.pico-sdk/sdk/2.1.0/lib/tinyusb/src/device/usbd_control.c.obj
                0x10005b9c                tud_control_xfer
 .text.usbd_control_reset
                0x10005c48       0x14 CMakeFiles/U4T1.dir/C_/Users/Jonas/.pico-sdk/sdk/2.1.0/lib/tinyusb/src/device/usbd_control.c.obj
                0x10005c48                usbd_control_reset
 .text.usbd_control_set_complete_callback
                0x10005c5c        0xc CMakeFiles/U4T1.dir/C_/Users/Jonas/.pico-sdk/sdk/2.1.0/lib/tinyusb/src/device/usbd_control.c.obj
                0x10005c5c                usbd_control_set_complete_callback
 .text.usbd_control_set_request
                0x10005c68       0x1c CMakeFiles/U4T1.dir/C_/Users/Jonas/.pico-sdk/sdk/2.1.0/lib/tinyusb/src/device/usbd_control.c.obj
                0x10005c68                usbd_control_set_request
 .text.usbd_control_xfer_cb
                0x10005c84       0xec CMakeFiles/U4T1.dir/C_/Users/Jonas/.pico-sdk/sdk/2.1.0/lib/tinyusb/src/device/usbd_control.c.obj
                0x10005c84                usbd_control_xfer_cb
 .text._prep_out_transaction.isra.0
                0x10005d70       0x5c CMakeFiles/U4T1.dir/C_/Users/Jonas/.pico-sdk/sdk/2.1.0/lib/tinyusb/src/class/cdc/cdc_device.c.obj
 .text.tud_cdc_n_connected
                0x10005dcc       0x30 CMakeFiles/U4T1.dir/C_/Users/Jonas/.pico-sdk/sdk/2.1.0/lib/tinyusb/src/class/cdc/cdc_device.c.obj
                0x10005dcc                tud_cdc_n_connected
 .text.tud_cdc_n_available
                0x10005dfc       0x18 CMakeFiles/U4T1.dir/C_/Users/Jonas/.pico-sdk/sdk/2.1.0/lib/tinyusb/src/class/cdc/cdc_device.c.obj
                0x10005dfc                tud_cdc_n_available
 .text.tud_cdc_n_read
                0x10005e14       0x98 CMakeFiles/U4T1.dir/C_/Users/Jonas/.pico-sdk/sdk/2.1.0/lib/tinyusb/src/class/cdc/cdc_device.c.obj
                0x10005e14                tud_cdc_n_read
 .text.tud_cdc_n_write_flush
                0x10005eac       0x78 CMakeFiles/U4T1.dir/C_/Users/Jonas/.pico-sdk/sdk/2.1.0/lib/tinyusb/src/class/cdc/cdc_device.c.obj
                0x10005eac                tud_cdc_n_write_flush
 .text.tud_cdc_n_write
                0x10005f24       0x40 CMakeFiles/U4T1.dir/C_/Users/Jonas/.pico-sdk/sdk/2.1.0/lib/tinyusb/src/class/cdc/cdc_device.c.obj
                0x10005f24                tud_cdc_n_write
 .text.tud_cdc_n_write_available
                0x10005f64       0x18 CMakeFiles/U4T1.dir/C_/Users/Jonas/.pico-sdk/sdk/2.1.0/lib/tinyusb/src/class/cdc/cdc_device.c.obj
                0x10005f64                tud_cdc_n_write_available
 .text.cdcd_init
                0x10005f7c       0x7c CMakeFiles/U4T1.dir/C_/Users/Jonas/.pico-sdk/sdk/2.1.0/lib/tinyusb/src/class/cdc/cdc_device.c.obj
                0x10005f7c                cdcd_init
 .text.cdcd_deinit
                0x10005ff8       0x34 CMakeFiles/U4T1.dir/C_/Users/Jonas/.pico-sdk/sdk/2.1.0/lib/tinyusb/src/class/cdc/cdc_device.c.obj
                0x10005ff8                cdcd_deinit
 .text.cdcd_reset
                0x1000602c       0x4c CMakeFiles/U4T1.dir/C_/Users/Jonas/.pico-sdk/sdk/2.1.0/lib/tinyusb/src/class/cdc/cdc_device.c.obj
                0x1000602c                cdcd_reset
 .text.cdcd_open
                0x10006078       0xb0 CMakeFiles/U4T1.dir/C_/Users/Jonas/.pico-sdk/sdk/2.1.0/lib/tinyusb/src/class/cdc/cdc_device.c.obj
                0x10006078                cdcd_open
 .text.cdcd_control_xfer_cb
                0x10006128       0xe4 CMakeFiles/U4T1.dir/C_/Users/Jonas/.pico-sdk/sdk/2.1.0/lib/tinyusb/src/class/cdc/cdc_device.c.obj
                0x10006128                cdcd_control_xfer_cb
 .text.cdcd_xfer_cb
                0x1000620c      0x100 CMakeFiles/U4T1.dir/C_/Users/Jonas/.pico-sdk/sdk/2.1.0/lib/tinyusb/src/class/cdc/cdc_device.c.obj
                0x1000620c                cdcd_xfer_cb
 .text.vendord_init
                0x1000630c       0x5c CMakeFiles/U4T1.dir/C_/Users/Jonas/.pico-sdk/sdk/2.1.0/lib/tinyusb/src/class/vendor/vendor_device.c.obj
                0x1000630c                vendord_init
 .text.vendord_deinit
                0x10006368       0x1c CMakeFiles/U4T1.dir/C_/Users/Jonas/.pico-sdk/sdk/2.1.0/lib/tinyusb/src/class/vendor/vendor_device.c.obj
                0x10006368                vendord_deinit
 .text.vendord_reset
                0x10006384       0x20 CMakeFiles/U4T1.dir/C_/Users/Jonas/.pico-sdk/sdk/2.1.0/lib/tinyusb/src/class/vendor/vendor_device.c.obj
                0x10006384                vendord_reset
 .text.vendord_open
                0x100063a4      0x138 CMakeFiles/U4T1.dir/C_/Users/Jonas/.pico-sdk/sdk/2.1.0/lib/tinyusb/src/class/vendor/vendor_device.c.obj
                0x100063a4                vendord_open
 .text.vendord_xfer_cb
                0x100064dc       0x9c CMakeFiles/U4T1.dir/C_/Users/Jonas/.pico-sdk/sdk/2.1.0/lib/tinyusb/src/class/vendor/vendor_device.c.obj
                0x100064dc                vendord_xfer_cb
 .text.tusb_init
                0x10006578        0xc CMakeFiles/U4T1.dir/C_/Users/Jonas/.pico-sdk/sdk/2.1.0/lib/tinyusb/src/tusb.c.obj
                0x10006578                tusb_init
 .text.tu_edpt_claim
                0x10006584       0x50 CMakeFiles/U4T1.dir/C_/Users/Jonas/.pico-sdk/sdk/2.1.0/lib/tinyusb/src/tusb.c.obj
                0x10006584                tu_edpt_claim
 .text.tu_edpt_release
                0x100065d4       0x38 CMakeFiles/U4T1.dir/C_/Users/Jonas/.pico-sdk/sdk/2.1.0/lib/tinyusb/src/tusb.c.obj
                0x100065d4                tu_edpt_release
 .text.tu_edpt_validate
                0x1000660c       0x7c CMakeFiles/U4T1.dir/C_/Users/Jonas/.pico-sdk/sdk/2.1.0/lib/tinyusb/src/tusb.c.obj
                0x1000660c                tu_edpt_validate
 .text.tu_edpt_bind_driver
                0x10006688       0x34 CMakeFiles/U4T1.dir/C_/Users/Jonas/.pico-sdk/sdk/2.1.0/lib/tinyusb/src/tusb.c.obj
                0x10006688                tu_edpt_bind_driver
 .text.tu_edpt_stream_init
                0x100066bc       0x6c CMakeFiles/U4T1.dir/C_/Users/Jonas/.pico-sdk/sdk/2.1.0/lib/tinyusb/src/tusb.c.obj
                0x100066bc                tu_edpt_stream_init
 .text.tu_edpt_stream_deinit
                0x10006728        0x4 CMakeFiles/U4T1.dir/C_/Users/Jonas/.pico-sdk/sdk/2.1.0/lib/tinyusb/src/tusb.c.obj
                0x10006728                tu_edpt_stream_deinit
 .text.tu_edpt_stream_write_zlp_if_needed
                0x1000672c       0x68 CMakeFiles/U4T1.dir/C_/Users/Jonas/.pico-sdk/sdk/2.1.0/lib/tinyusb/src/tusb.c.obj
                0x1000672c                tu_edpt_stream_write_zlp_if_needed
 .text.tu_edpt_stream_write_xfer
                0x10006794       0x64 CMakeFiles/U4T1.dir/C_/Users/Jonas/.pico-sdk/sdk/2.1.0/lib/tinyusb/src/tusb.c.obj
                0x10006794                tu_edpt_stream_write_xfer
 .text.tu_edpt_stream_read_xfer
                0x100067f8       0xdc CMakeFiles/U4T1.dir/C_/Users/Jonas/.pico-sdk/sdk/2.1.0/lib/tinyusb/src/tusb.c.obj
                0x100067f8                tu_edpt_stream_read_xfer
 .text.tu_fifo_config
                0x100068d4       0x6c CMakeFiles/U4T1.dir/C_/Users/Jonas/.pico-sdk/sdk/2.1.0/lib/tinyusb/src/common/tusb_fifo.c.obj
                0x100068d4                tu_fifo_config
 .text.tu_fifo_count
                0x10006940       0x2c CMakeFiles/U4T1.dir/C_/Users/Jonas/.pico-sdk/sdk/2.1.0/lib/tinyusb/src/common/tusb_fifo.c.obj
                0x10006940                tu_fifo_count
 .text.tu_fifo_empty
                0x1000696c       0x10 CMakeFiles/U4T1.dir/C_/Users/Jonas/.pico-sdk/sdk/2.1.0/lib/tinyusb/src/common/tusb_fifo.c.obj
                0x1000696c                tu_fifo_empty
 .text.tu_fifo_remaining
                0x1000697c       0x2c CMakeFiles/U4T1.dir/C_/Users/Jonas/.pico-sdk/sdk/2.1.0/lib/tinyusb/src/common/tusb_fifo.c.obj
                0x1000697c                tu_fifo_remaining
 .text.tu_fifo_read
                0x100069a8       0x9c CMakeFiles/U4T1.dir/C_/Users/Jonas/.pico-sdk/sdk/2.1.0/lib/tinyusb/src/common/tusb_fifo.c.obj
                0x100069a8                tu_fifo_read
 .text.tu_fifo_read_n
                0x10006a44       0xe8 CMakeFiles/U4T1.dir/C_/Users/Jonas/.pico-sdk/sdk/2.1.0/lib/tinyusb/src/common/tusb_fifo.c.obj
                0x10006a44                tu_fifo_read_n
 .text.tu_fifo_write
                0x10006b2c       0xa8 CMakeFiles/U4T1.dir/C_/Users/Jonas/.pico-sdk/sdk/2.1.0/lib/tinyusb/src/common/tusb_fifo.c.obj
                0x10006b2c                tu_fifo_write
 .text.tu_fifo_write_n
                0x10006bd4      0x178 CMakeFiles/U4T1.dir/C_/Users/Jonas/.pico-sdk/sdk/2.1.0/lib/tinyusb/src/common/tusb_fifo.c.obj
                0x10006bd4                tu_fifo_write_n
 .text.tu_fifo_clear
                0x10006d4c       0x40 CMakeFiles/U4T1.dir/C_/Users/Jonas/.pico-sdk/sdk/2.1.0/lib/tinyusb/src/common/tusb_fifo.c.obj
                0x10006d4c                tu_fifo_clear
 .text.tu_fifo_set_overwritable
                0x10006d8c       0x48 CMakeFiles/U4T1.dir/C_/Users/Jonas/.pico-sdk/sdk/2.1.0/lib/tinyusb/src/common/tusb_fifo.c.obj
                0x10006d8c                tu_fifo_set_overwritable
 .text.pio_add_program
                0x10006dd4      0x104 CMakeFiles/U4T1.dir/C_/Users/Jonas/.pico-sdk/sdk/2.1.0/src/rp2_common/hardware_pio/pio.c.obj
                0x10006dd4                pio_add_program
 .text.pio_sm_set_consecutive_pindirs
                0x10006ed8       0xb4 CMakeFiles/U4T1.dir/C_/Users/Jonas/.pico-sdk/sdk/2.1.0/src/rp2_common/hardware_pio/pio.c.obj
                0x10006ed8                pio_sm_set_consecutive_pindirs
 .text.pio_sm_init
                0x10006f8c       0x9c CMakeFiles/U4T1.dir/C_/Users/Jonas/.pico-sdk/sdk/2.1.0/src/rp2_common/hardware_pio/pio.c.obj
                0x10006f8c                pio_sm_init
 .text.strlen   0x10007028       0x5c C:/Users/Jonas/.pico-sdk/toolchain/13_3_Rel1/bin/../lib/gcc/arm-none-eabi/13.3.1/thumb/v6-m/nofp\libg.a(libc_a-strlen-stub.o)
                0x10007028                strlen
 *(.fini)
 .fini          0x10007084        0x4 C:/Users/Jonas/.pico-sdk/toolchain/13_3_Rel1/bin/../lib/gcc/arm-none-eabi/13.3.1/thumb/v6-m/nofp/crti.o
                0x10007084                _fini
 .fini.__stub   0x10007088       0xc0 linker stubs
 *crtbegin.o(.ctors)
 *crtbegin?.o(.ctors)
 *(EXCLUDE_FILE(*crtend.o *crtend?.o) .ctors)
 *(SORT_BY_NAME(.ctors.*))
 *(.ctors)
 *crtbegin.o(.dtors)
 *crtbegin?.o(.dtors)
 *(EXCLUDE_FILE(*crtend.o *crtend?.o) .dtors)
 *(SORT_BY_NAME(.dtors.*))
 *(.dtors)
                0x10007148                        . = ALIGN (0x4)
                0x10007148                        PROVIDE (__preinit_array_start = .)
 *(SORT_BY_NAME(.preinit_array.*))
 .preinit_array.00100
                0x10007148        0x4 CMakeFiles/U4T1.dir/C_/Users/Jonas/.pico-sdk/sdk/2.1.0/src/rp2_common/pico_runtime_init/runtime_init.c.obj
                0x10007148                __pre_init_runtime_init_early_resets
 .preinit_array.00101
                0x1000714c        0x4 CMakeFiles/U4T1.dir/C_/Users/Jonas/.pico-sdk/sdk/2.1.0/src/rp2_common/pico_runtime_init/runtime_init.c.obj
                0x1000714c                __pre_init_runtime_init_usb_power_down
 .preinit_array.00275
                0x10007150        0x4 CMakeFiles/U4T1.dir/C_/Users/Jonas/.pico-sdk/sdk/2.1.0/src/rp2_common/pico_bit_ops/bit_ops_aeabi.S.obj
 .preinit_array.00300
                0x10007154        0x4 CMakeFiles/U4T1.dir/C_/Users/Jonas/.pico-sdk/sdk/2.1.0/src/rp2_common/pico_mem_ops/mem_ops_aeabi.S.obj
 .preinit_array.00350
                0x10007158        0x4 CMakeFiles/U4T1.dir/C_/Users/Jonas/.pico-sdk/sdk/2.1.0/src/rp2_common/pico_double/double_aeabi_rp2040.S.obj
 .preinit_array.00350
                0x1000715c        0x4 CMakeFiles/U4T1.dir/C_/Users/Jonas/.pico-sdk/sdk/2.1.0/src/rp2_common/pico_float/float_aeabi_rp2040.S.obj
 .preinit_array.00500
                0x10007160        0x4 CMakeFiles/U4T1.dir/C_/Users/Jonas/.pico-sdk/sdk/2.1.0/src/rp2_common/pico_runtime_init/runtime_init.c.obj
                0x10007160                __pre_init_runtime_init_clocks
 .preinit_array.00600
                0x10007164        0x4 CMakeFiles/U4T1.dir/C_/Users/Jonas/.pico-sdk/sdk/2.1.0/src/rp2_common/pico_runtime_init/runtime_init.c.obj
                0x10007164                __pre_init_runtime_init_post_clock_resets
 .preinit_array.00700
                0x10007168        0x4 CMakeFiles/U4T1.dir/C_/Users/Jonas/.pico-sdk/sdk/2.1.0/src/rp2_common/pico_runtime_init/runtime_init.c.obj
                0x10007168                __pre_init_runtime_init_rp2040_gpio_ie_disable
 .preinit_array.01000
                0x1000716c        0x4 CMakeFiles/U4T1.dir/C_/Users/Jonas/.pico-sdk/sdk/2.1.0/src/rp2_common/pico_runtime_init/runtime_init.c.obj
                0x1000716c                __pre_init_runtime_init_spin_locks_reset
 .preinit_array.01100
                0x10007170        0x4 CMakeFiles/U4T1.dir/C_/Users/Jonas/.pico-sdk/sdk/2.1.0/src/common/pico_sync/mutex.c.obj
                0x10007170                __pre_init_runtime_init_mutex
 .preinit_array.10080
                0x10007174        0x4 CMakeFiles/U4T1.dir/C_/Users/Jonas/.pico-sdk/sdk/2.1.0/src/rp2_common/pico_runtime_init/runtime_init.c.obj
                0x10007174                __pre_init_runtime_init_install_ram_vector_table
 .preinit_array.11000
                0x10007178        0x4 CMakeFiles/U4T1.dir/C_/Users/Jonas/.pico-sdk/sdk/2.1.0/src/common/pico_time/time.c.obj
                0x10007178                __pre_init_runtime_init_default_alarm_pool
 .preinit_array.YYYYY
                0x1000717c        0x4 CMakeFiles/U4T1.dir/C_/Users/Jonas/.pico-sdk/sdk/2.1.0/src/rp2_common/pico_runtime/runtime.c.obj
                0x1000717c                __pre_init_first_per_core_initializer
 .preinit_array.ZZZZZ.01200
                0x10007180        0x4 CMakeFiles/U4T1.dir/C_/Users/Jonas/.pico-sdk/sdk/2.1.0/src/rp2_common/hardware_irq/irq.c.obj
                0x10007180                __pre_init_runtime_init_per_core_irq_priorities
 *(.preinit_array)
                0x10007184                        PROVIDE (__preinit_array_end = .)
                0x10007184                        . = ALIGN (0x4)
                0x10007184                        PROVIDE (__init_array_start = .)
 *(SORT_BY_NAME(.init_array.*))
 *(.init_array)
 .init_array    0x10007184        0x4 C:/Users/Jonas/.pico-sdk/toolchain/13_3_Rel1/bin/../lib/gcc/arm-none-eabi/13.3.1/thumb/v6-m/nofp/crtbegin.o
 .init_array    0x10007188        0x4 CMakeFiles/U4T1.dir/C_/Users/Jonas/.pico-sdk/sdk/2.1.0/src/rp2_common/pico_unique_id/unique_id.c.obj
                0x1000718c                        PROVIDE (__init_array_end = .)
                0x1000718c                        . = ALIGN (0x4)
                [!provide]                        PROVIDE (__fini_array_start = .)
 *(SORT_BY_NAME(.fini_array.*))
 *(.fini_array)
                [!provide]                        PROVIDE (__fini_array_end = .)
 *(.eh_frame*)
 .eh_frame      0x1000718c        0x0 C:/Users/Jonas/.pico-sdk/toolchain/13_3_Rel1/bin/../lib/gcc/arm-none-eabi/13.3.1/thumb/v6-m/nofp/crtbegin.o
                0x1000718c                        . = ALIGN (0x4)

.glue_7         0x1000718c        0x0
 .glue_7        0x1000718c        0x0 linker stubs

.glue_7t        0x1000718c        0x0
 .glue_7t       0x1000718c        0x0 linker stubs

.vfp11_veneer   0x1000718c        0x0
 .vfp11_veneer  0x1000718c        0x0 linker stubs

.v4_bx          0x1000718c        0x0
 .v4_bx         0x1000718c        0x0 linker stubs

.iplt           0x1000718c        0x0
 .iplt          0x1000718c        0x0 C:/Users/Jonas/.pico-sdk/toolchain/13_3_Rel1/bin/../lib/gcc/arm-none-eabi/13.3.1/thumb/v6-m/nofp/crtbegin.o

.rodata         0x10007190     0x17d4
 *(EXCLUDE_FILE(*libm.a: *libc.a:*lib_a-mem*.o *libgcc.a:) .rodata*)
 .rodata.main   0x10007190       0x88 CMakeFiles/U4T1.dir/U4T1.c.obj
 .rodata.teclas
                0x10007218       0x10 CMakeFiles/U4T1.dir/keypad/keypad.c.obj
                0x10007218                teclas
 .rodata.colunas
                0x10007228        0x4 CMakeFiles/U4T1.dir/keypad/keypad.c.obj
                0x10007228                colunas
 .rodata.linhas
                0x1000722c        0x4 CMakeFiles/U4T1.dir/keypad/keypad.c.obj
                0x1000722c                linhas
 .rodata.ws2812_program
                0x10007230        0x8 CMakeFiles/U4T1.dir/neopixel/neopixel.c.obj
 .rodata.ws2812_program_instructions
                0x10007238        0x8 CMakeFiles/U4T1.dir/neopixel/neopixel.c.obj
 .rodata.tecla_asterisco.str1.4
                0x10007240      0x1a8 CMakeFiles/U4T1.dir/functions/Tecla_aste.c.obj
                                 0x1e (size before relaxing)
 .rodata        0x100073e8       0x64 CMakeFiles/U4T1.dir/functions/Tecla_hash.c.obj
 .rodata        0x1000744c      0x1f4 CMakeFiles/U4T1.dir/functions/Tecla5.c.obj
 .rodata        0x10007640      0x190 CMakeFiles/U4T1.dir/functions/tecla6.c.obj
 .rodata        0x100077d0      0x190 CMakeFiles/U4T1.dir/functions/tecla9.c.obj
 .rodata        0x10007960      0x1f4 CMakeFiles/U4T1.dir/functions/Tecla8.c.obj
 .rodata        0x10007b54      0x2bc CMakeFiles/U4T1.dir/functions/Tecla7.c.obj
 .rodata        0x10007e10      0x190 CMakeFiles/U4T1.dir/functions/Tecla2.c.obj
 .rodata        0x10007fa0      0x1f4 CMakeFiles/U4T1.dir/functions/Tecla1.c.obj
 .rodata        0x10008194      0x1f4 CMakeFiles/U4T1.dir/functions/Tecla3.c.obj
 .rodata        0x10008388       0x64 CMakeFiles/U4T1.dir/functions/TeclaB.c.obj
 .rodata        0x100083ec       0x64 CMakeFiles/U4T1.dir/functions/TeclaC.c.obj
 .rodata        0x10008450       0x64 CMakeFiles/U4T1.dir/functions/TeclaD.c.obj
 .rodata.panic.str1.4
                0x100084b4       0x12 CMakeFiles/U4T1.dir/C_/Users/Jonas/.pico-sdk/sdk/2.1.0/src/rp2_common/pico_platform_panic/panic.c.obj
 .rodata.spin_lock_claim_unused.str1.4
                0x100084b4       0x1b CMakeFiles/U4T1.dir/C_/Users/Jonas/.pico-sdk/sdk/2.1.0/src/rp2_common/hardware_sync/sync.c.obj
 .rodata.user_irq_claim_unused.str1.4
                0x100084b4       0x1b CMakeFiles/U4T1.dir/C_/Users/Jonas/.pico-sdk/sdk/2.1.0/src/rp2_common/hardware_irq/irq.c.obj
 .rodata.timer_hardware_alarm_claim.str1.4
                0x100084b4       0x22 CMakeFiles/U4T1.dir/C_/Users/Jonas/.pico-sdk/sdk/2.1.0/src/rp2_common/hardware_timer/timer.c.obj
 .rodata.hard_assertion_failure.str1.4
                0x100084b4        0xc CMakeFiles/U4T1.dir/C_/Users/Jonas/.pico-sdk/sdk/2.1.0/src/rp2_common/pico_runtime/runtime.c.obj
 .rodata.missing_double_func_shim.str1.4
                0x100084b4       0x18 CMakeFiles/U4T1.dir/C_/Users/Jonas/.pico-sdk/sdk/2.1.0/src/rp2_common/pico_double/double_init_rom_rp2040.c.obj
 .rodata.missing_float_func_shim.str1.4
                0x100084b4        0x1 CMakeFiles/U4T1.dir/C_/Users/Jonas/.pico-sdk/sdk/2.1.0/src/rp2_common/pico_float/float_init_rom_rp2040.c.obj
 .rodata.str1.4
                0x100084b4       0x40 CMakeFiles/U4T1.dir/C_/Users/Jonas/.pico-sdk/sdk/2.1.0/src/rp2_common/pico_standard_binary_info/standard_binary_info.c.obj
 .rodata.__bi_84
                0x100084b4        0xc CMakeFiles/U4T1.dir/C_/Users/Jonas/.pico-sdk/sdk/2.1.0/src/rp2_common/pico_standard_binary_info/standard_binary_info.c.obj
 .rodata.__bi_78
                0x100084c0        0xc CMakeFiles/U4T1.dir/C_/Users/Jonas/.pico-sdk/sdk/2.1.0/src/rp2_common/pico_standard_binary_info/standard_binary_info.c.obj
 .rodata.__bi_60
                0x100084cc        0xc CMakeFiles/U4T1.dir/C_/Users/Jonas/.pico-sdk/sdk/2.1.0/src/rp2_common/pico_standard_binary_info/standard_binary_info.c.obj
 .rodata.__bi_54
                0x100084d8        0xc CMakeFiles/U4T1.dir/C_/Users/Jonas/.pico-sdk/sdk/2.1.0/src/rp2_common/pico_standard_binary_info/standard_binary_info.c.obj
 .rodata.__bi_48
                0x100084e4        0xc CMakeFiles/U4T1.dir/C_/Users/Jonas/.pico-sdk/sdk/2.1.0/src/rp2_common/pico_standard_binary_info/standard_binary_info.c.obj
 .rodata.__bi_42
                0x100084f0        0xc CMakeFiles/U4T1.dir/C_/Users/Jonas/.pico-sdk/sdk/2.1.0/src/rp2_common/pico_standard_binary_info/standard_binary_info.c.obj
 .rodata.__bi_34
                0x100084fc        0xc CMakeFiles/U4T1.dir/C_/Users/Jonas/.pico-sdk/sdk/2.1.0/src/rp2_common/pico_standard_binary_info/standard_binary_info.c.obj
 .rodata.__bi_26
                0x10008508        0xc CMakeFiles/U4T1.dir/C_/Users/Jonas/.pico-sdk/sdk/2.1.0/src/rp2_common/pico_standard_binary_info/standard_binary_info.c.obj
 .rodata._ftoa.str1.4
                0x10008514       0x15 CMakeFiles/U4T1.dir/C_/Users/Jonas/.pico-sdk/sdk/2.1.0/src/rp2_common/pico_printf/printf.c.obj
 .rodata._vsnprintf
                0x10008514      0x19c CMakeFiles/U4T1.dir/C_/Users/Jonas/.pico-sdk/sdk/2.1.0/src/rp2_common/pico_printf/printf.c.obj
 .rodata.pow10.0
                0x100086b0       0x50 CMakeFiles/U4T1.dir/C_/Users/Jonas/.pico-sdk/sdk/2.1.0/src/rp2_common/pico_printf/printf.c.obj
 .rodata.crlf_str.0
                0x10008700        0x2 CMakeFiles/U4T1.dir/C_/Users/Jonas/.pico-sdk/sdk/2.1.0/src/rp2_common/pico_stdio/stdio.c.obj
 *fill*         0x10008702        0x2 
 .rodata._resetd_driver
                0x10008704       0x20 CMakeFiles/U4T1.dir/C_/Users/Jonas/.pico-sdk/sdk/2.1.0/src/rp2_common/pico_stdio_usb/reset_interface.c.obj
 .rodata.desc_ms_os_20
                0x10008724       0xa6 CMakeFiles/U4T1.dir/C_/Users/Jonas/.pico-sdk/sdk/2.1.0/src/rp2_common/pico_stdio_usb/reset_interface.c.obj
 *fill*         0x100087ca        0x2 
 .rodata.desc_bos
                0x100087cc       0x21 CMakeFiles/U4T1.dir/C_/Users/Jonas/.pico-sdk/sdk/2.1.0/src/rp2_common/pico_stdio_usb/reset_interface.c.obj
                0x100087cc                desc_bos
 .rodata.str1.4
                0x100087ed       0x13 CMakeFiles/U4T1.dir/C_/Users/Jonas/.pico-sdk/sdk/2.1.0/src/rp2_common/pico_stdio_usb/stdio_usb.c.obj
 *fill*         0x100087ed        0x3 
 .rodata.__bi_197.0
                0x100087f0        0xc CMakeFiles/U4T1.dir/C_/Users/Jonas/.pico-sdk/sdk/2.1.0/src/rp2_common/pico_stdio_usb/stdio_usb.c.obj
 .rodata.str1.4
                0x100087fc       0x2a CMakeFiles/U4T1.dir/C_/Users/Jonas/.pico-sdk/sdk/2.1.0/src/rp2_common/pico_stdio_usb/stdio_usb_descriptors.c.obj
 .rodata.usbd_desc_str
                0x100087fc       0x18 CMakeFiles/U4T1.dir/C_/Users/Jonas/.pico-sdk/sdk/2.1.0/src/rp2_common/pico_stdio_usb/stdio_usb_descriptors.c.obj
 .rodata.usbd_desc_cfg
                0x10008814       0x54 CMakeFiles/U4T1.dir/C_/Users/Jonas/.pico-sdk/sdk/2.1.0/src/rp2_common/pico_stdio_usb/stdio_usb_descriptors.c.obj
 .rodata.usbd_desc_device
                0x10008868       0x12 CMakeFiles/U4T1.dir/C_/Users/Jonas/.pico-sdk/sdk/2.1.0/src/rp2_common/pico_stdio_usb/stdio_usb_descriptors.c.obj
 .rodata.str1.4
                0x1000887a       0x14 CMakeFiles/U4T1.dir/C_/Users/Jonas/.pico-sdk/sdk/2.1.0/lib/tinyusb/src/portable/raspberrypi/rp2040/dcd_rp2040.c.obj
 .rodata.str1.4
                0x1000887a       0x48 CMakeFiles/U4T1.dir/C_/Users/Jonas/.pico-sdk/sdk/2.1.0/lib/tinyusb/src/portable/raspberrypi/rp2040/rp2040_usb.c.obj
 *fill*         0x1000887a        0x2 
 .rodata.tud_task_ext
                0x1000887c       0x8c CMakeFiles/U4T1.dir/C_/Users/Jonas/.pico-sdk/sdk/2.1.0/lib/tinyusb/src/device/usbd.c.obj
 .rodata        0x10008908       0x1c CMakeFiles/U4T1.dir/C_/Users/Jonas/.pico-sdk/sdk/2.1.0/lib/tinyusb/src/device/usbd.c.obj
 .rodata._usbd_driver
                0x10008924       0x40 CMakeFiles/U4T1.dir/C_/Users/Jonas/.pico-sdk/sdk/2.1.0/lib/tinyusb/src/device/usbd.c.obj
                0x10008964                        . = ALIGN (0x4)
 *(SORT_BY_ALIGNMENT(SORT_BY_NAME(.flashdata*)))
                0x10008964                        . = ALIGN (0x4)

.ARM.extab
 *(.ARM.extab* .gnu.linkonce.armextab.*)
                0x10008964                        __exidx_start = .

.ARM.exidx
 *(.ARM.exidx* .gnu.linkonce.armexidx.*)
                0x10008964                        __exidx_end = .
                0x10008964                        . = ALIGN (0x4)
                0x10008964                        __binary_info_start = .

.binary_info    0x10008964       0x24
 *(.binary_info.keep.*)
 .binary_info.keep.__bi_ptr84
                0x10008964        0x4 CMakeFiles/U4T1.dir/C_/Users/Jonas/.pico-sdk/sdk/2.1.0/src/rp2_common/pico_standard_binary_info/standard_binary_info.c.obj
 .binary_info.keep.__bi_ptr78
                0x10008968        0x4 CMakeFiles/U4T1.dir/C_/Users/Jonas/.pico-sdk/sdk/2.1.0/src/rp2_common/pico_standard_binary_info/standard_binary_info.c.obj
 .binary_info.keep.__bi_ptr60
                0x1000896c        0x4 CMakeFiles/U4T1.dir/C_/Users/Jonas/.pico-sdk/sdk/2.1.0/src/rp2_common/pico_standard_binary_info/standard_binary_info.c.obj
 .binary_info.keep.__bi_ptr54
                0x10008970        0x4 CMakeFiles/U4T1.dir/C_/Users/Jonas/.pico-sdk/sdk/2.1.0/src/rp2_common/pico_standard_binary_info/standard_binary_info.c.obj
 .binary_info.keep.__bi_ptr48
                0x10008974        0x4 CMakeFiles/U4T1.dir/C_/Users/Jonas/.pico-sdk/sdk/2.1.0/src/rp2_common/pico_standard_binary_info/standard_binary_info.c.obj
 .binary_info.keep.__bi_ptr42
                0x10008978        0x4 CMakeFiles/U4T1.dir/C_/Users/Jonas/.pico-sdk/sdk/2.1.0/src/rp2_common/pico_standard_binary_info/standard_binary_info.c.obj
 .binary_info.keep.__bi_ptr34
                0x1000897c        0x4 CMakeFiles/U4T1.dir/C_/Users/Jonas/.pico-sdk/sdk/2.1.0/src/rp2_common/pico_standard_binary_info/standard_binary_info.c.obj
 .binary_info.keep.__bi_ptr26
                0x10008980        0x4 CMakeFiles/U4T1.dir/C_/Users/Jonas/.pico-sdk/sdk/2.1.0/src/rp2_common/pico_standard_binary_info/standard_binary_info.c.obj
 *(.binary_info.*)
 .binary_info.__bi_ptr197
                0x10008984        0x4 CMakeFiles/U4T1.dir/C_/Users/Jonas/.pico-sdk/sdk/2.1.0/src/rp2_common/pico_stdio_usb/stdio_usb.c.obj
                0x10008988                        __binary_info_end = .

.rel.dyn        0x10008988        0x0
 .rel.iplt      0x10008988        0x0 C:/Users/Jonas/.pico-sdk/toolchain/13_3_Rel1/bin/../lib/gcc/arm-none-eabi/13.3.1/thumb/v6-m/nofp/crtbegin.o
                0x10008988                        . = ALIGN (0x4)

.ram_vector_table
                0x20000000       0xc0
 *(.ram_vector_table)
 .ram_vector_table
                0x20000000       0xc0 CMakeFiles/U4T1.dir/C_/Users/Jonas/.pico-sdk/sdk/2.1.0/src/rp2_common/pico_runtime_init/runtime_init.c.obj
                0x20000000                ram_vector_table

.uninitialized_data
                0x200000c0        0x0
                0x200000c0                        . = ALIGN (0x4)
 *(.uninitialized_data*)

.data           0x200000c0      0xfa0 load address 0x10008988
                0x200000c0                        __data_start__ = .
 *(vtable)
 *(.time_critical*)
 .time_critical.mutex_try_enter
                0x200000c0       0x40 CMakeFiles/U4T1.dir/C_/Users/Jonas/.pico-sdk/sdk/2.1.0/src/common/pico_sync/mutex.c.obj
                0x200000c0                mutex_try_enter
 .time_critical.mutex_try_enter_block_until
                0x20000100       0x9c CMakeFiles/U4T1.dir/C_/Users/Jonas/.pico-sdk/sdk/2.1.0/src/common/pico_sync/mutex.c.obj
                0x20000100                mutex_try_enter_block_until
 .time_critical.mutex_enter_timeout_ms
                0x2000019c       0x90 CMakeFiles/U4T1.dir/C_/Users/Jonas/.pico-sdk/sdk/2.1.0/src/common/pico_sync/mutex.c.obj
                0x2000019c                mutex_enter_timeout_ms
 .time_critical.mutex_exit
                0x2000022c       0x28 CMakeFiles/U4T1.dir/C_/Users/Jonas/.pico-sdk/sdk/2.1.0/src/common/pico_sync/mutex.c.obj
                0x2000022c                mutex_exit
 .time_critical.flash_init_boot2_copyout
                0x20000254       0x30 CMakeFiles/U4T1.dir/C_/Users/Jonas/.pico-sdk/sdk/2.1.0/src/rp2_common/hardware_flash/flash.c.obj
 .time_critical.flash_enable_xip_via_boot2
                0x20000284        0xc CMakeFiles/U4T1.dir/C_/Users/Jonas/.pico-sdk/sdk/2.1.0/src/rp2_common/hardware_flash/flash.c.obj
 .time_critical.flash_cs_force
                0x20000290       0x38 CMakeFiles/U4T1.dir/C_/Users/Jonas/.pico-sdk/sdk/2.1.0/src/rp2_common/hardware_flash/flash.c.obj
 .time_critical.flash_do_cmd
                0x200002c8       0xc0 CMakeFiles/U4T1.dir/C_/Users/Jonas/.pico-sdk/sdk/2.1.0/src/rp2_common/hardware_flash/flash.c.obj
                0x200002c8                flash_do_cmd
 .time_critical.reset_non_control_endpoints
                0x20000388       0x68 CMakeFiles/U4T1.dir/C_/Users/Jonas/.pico-sdk/sdk/2.1.0/lib/tinyusb/src/portable/raspberrypi/rp2040/dcd_rp2040.c.obj
 .time_critical.hw_handle_buff_status
                0x200003f0       0xb0 CMakeFiles/U4T1.dir/C_/Users/Jonas/.pico-sdk/sdk/2.1.0/lib/tinyusb/src/portable/raspberrypi/rp2040/dcd_rp2040.c.obj
 .time_critical.dcd_rp2040_irq
                0x200004a0      0x578 CMakeFiles/U4T1.dir/C_/Users/Jonas/.pico-sdk/sdk/2.1.0/lib/tinyusb/src/portable/raspberrypi/rp2040/dcd_rp2040.c.obj
 .time_critical.prepare_ep_buffer
                0x20000a18       0xe0 CMakeFiles/U4T1.dir/C_/Users/Jonas/.pico-sdk/sdk/2.1.0/lib/tinyusb/src/portable/raspberrypi/rp2040/rp2040_usb.c.obj
 .time_critical.sync_ep_buffer
                0x20000af8       0xa8 CMakeFiles/U4T1.dir/C_/Users/Jonas/.pico-sdk/sdk/2.1.0/lib/tinyusb/src/portable/raspberrypi/rp2040/rp2040_usb.c.obj
 .time_critical._hw_endpoint_xfer_sync
                0x20000ba0       0x28 CMakeFiles/U4T1.dir/C_/Users/Jonas/.pico-sdk/sdk/2.1.0/lib/tinyusb/src/portable/raspberrypi/rp2040/rp2040_usb.c.obj
 .time_critical.e15_is_bulkin_ep
                0x20000bc8       0x28 CMakeFiles/U4T1.dir/C_/Users/Jonas/.pico-sdk/sdk/2.1.0/lib/tinyusb/src/portable/raspberrypi/rp2040/rp2040_usb.c.obj
 .time_critical.e15_is_critical_frame_period
                0x20000bf0       0x34 CMakeFiles/U4T1.dir/C_/Users/Jonas/.pico-sdk/sdk/2.1.0/lib/tinyusb/src/portable/raspberrypi/rp2040/rp2040_usb.c.obj
 .time_critical.hw_endpoint_reset_transfer
                0x20000c24        0xc CMakeFiles/U4T1.dir/C_/Users/Jonas/.pico-sdk/sdk/2.1.0/lib/tinyusb/src/portable/raspberrypi/rp2040/rp2040_usb.c.obj
                0x20000c24                hw_endpoint_reset_transfer
 .time_critical._hw_endpoint_buffer_control_update32
                0x20000c30       0x50 CMakeFiles/U4T1.dir/C_/Users/Jonas/.pico-sdk/sdk/2.1.0/lib/tinyusb/src/portable/raspberrypi/rp2040/rp2040_usb.c.obj
                0x20000c30                _hw_endpoint_buffer_control_update32
 .time_critical.hw_endpoint_start_next_buffer
                0x20000c80       0x6c CMakeFiles/U4T1.dir/C_/Users/Jonas/.pico-sdk/sdk/2.1.0/lib/tinyusb/src/portable/raspberrypi/rp2040/rp2040_usb.c.obj
                0x20000c80                hw_endpoint_start_next_buffer
 .time_critical.hw_endpoint_xfer_continue
                0x20000cec       0x40 CMakeFiles/U4T1.dir/C_/Users/Jonas/.pico-sdk/sdk/2.1.0/lib/tinyusb/src/portable/raspberrypi/rp2040/rp2040_usb.c.obj
                0x20000cec                hw_endpoint_xfer_continue
 .time_critical.tinyusb
                0x20000d2c      0x1e4 CMakeFiles/U4T1.dir/C_/Users/Jonas/.pico-sdk/sdk/2.1.0/lib/tinyusb/src/device/usbd.c.obj
                0x20000d2c                dcd_event_handler
 *(.text*)
 .text          0x20000f10        0x4 C:/Users/Jonas/.pico-sdk/toolchain/13_3_Rel1/bin/../lib/gcc/arm-none-eabi/13.3.1/thumb/v6-m/nofp\libgcc.a(_dvmd_tls.o)
                0x20000f10                __aeabi_idiv0
                0x20000f10                __aeabi_ldiv0
 *fill*         0x20000f14        0x4 
 .text.__stub   0x20000f18       0x80 linker stubs
                0x20000f98                        . = ALIGN (0x4)
 *(.rodata*)
                0x20000f98                        . = ALIGN (0x4)
 *(.data*)
 .data.striped_spin_lock_num
                0x20000f98        0x1 CMakeFiles/U4T1.dir/C_/Users/Jonas/.pico-sdk/sdk/2.1.0/src/rp2_common/hardware_sync/sync.c.obj
 *fill*         0x20000f99        0x3 
 .data          0x20000f9c       0x48 CMakeFiles/U4T1.dir/C_/Users/Jonas/.pico-sdk/sdk/2.1.0/src/rp2_common/hardware_irq/irq_handler_chain.S.obj
                0x20000f9c                irq_handler_chain_slots
                0x20000fcc                irq_handler_chain_first_slot
                0x20000fd6                irq_handler_chain_remove_tail
 .data.default_alarm_pool
                0x20000fe4       0x18 CMakeFiles/U4T1.dir/C_/Users/Jonas/.pico-sdk/sdk/2.1.0/src/common/pico_time/time.c.obj
 *fill*         0x20000ffc        0x4 
 .data.aeabi_bits_funcs
                0x20001000       0x10 CMakeFiles/U4T1.dir/C_/Users/Jonas/.pico-sdk/sdk/2.1.0/src/rp2_common/pico_bit_ops/bit_ops_aeabi.S.obj
                0x20001000                aeabi_bits_funcs
                0x20001010                aeabi_bits_funcs_end
 .data.aeabi_mem_funcs
                0x20001010       0x10 CMakeFiles/U4T1.dir/C_/Users/Jonas/.pico-sdk/sdk/2.1.0/src/rp2_common/pico_mem_ops/mem_ops_aeabi.S.obj
                0x20001010                aeabi_mem_funcs
                0x20001020                aeabi_mem_funcs_end
 .data.stdio_usb
                0x20001020       0x18 CMakeFiles/U4T1.dir/C_/Users/Jonas/.pico-sdk/sdk/2.1.0/src/rp2_common/pico_stdio_usb/stdio_usb.c.obj
                0x20001020                stdio_usb
 .data._usbd_qdef
                0x20001038       0x1c CMakeFiles/U4T1.dir/C_/Users/Jonas/.pico-sdk/sdk/2.1.0/lib/tinyusb/src/device/usbd.c.obj
                0x20001038                _usbd_qdef
 .data._usbd_rhport
                0x20001054        0x1 CMakeFiles/U4T1.dir/C_/Users/Jonas/.pico-sdk/sdk/2.1.0/lib/tinyusb/src/device/usbd.c.obj
                0x20001058                        . = ALIGN (0x4)
 *fill*         0x20001055        0x3 
 *(.after_data.*)
                0x20001058                        . = ALIGN (0x4)
                0x20001058                        PROVIDE (__mutex_array_start = .)
 *(SORT_BY_NAME(.mutex_array.*))
 *(.mutex_array)
 .mutex_array   0x20001058        0x8 CMakeFiles/U4T1.dir/C_/Users/Jonas/.pico-sdk/sdk/2.1.0/src/rp2_common/pico_stdio/stdio.c.obj
                0x20001060                        PROVIDE (__mutex_array_end = .)
                0x20001060                        . = ALIGN (0x4)
 *(.jcr)
                0x20001060                        . = ALIGN (0x4)

.tm_clone_table
                0x20001060        0x0 load address 0x10009928
 .tm_clone_table
                0x20001060        0x0 C:/Users/Jonas/.pico-sdk/toolchain/13_3_Rel1/bin/../lib/gcc/arm-none-eabi/13.3.1/thumb/v6-m/nofp/crtbegin.o
 .tm_clone_table
                0x20001060        0x0 C:/Users/Jonas/.pico-sdk/toolchain/13_3_Rel1/bin/../lib/gcc/arm-none-eabi/13.3.1/thumb/v6-m/nofp/crtend.o

.igot.plt       0x20001060        0x0 load address 0x10009928
 .igot.plt      0x20001060        0x0 C:/Users/Jonas/.pico-sdk/toolchain/13_3_Rel1/bin/../lib/gcc/arm-none-eabi/13.3.1/thumb/v6-m/nofp/crtbegin.o

.tdata          0x20001060        0x0 load address 0x10009928
                0x20001060                        . = ALIGN (0x4)
 *(.tdata .tdata.* .gnu.linkonce.td.*)
                0x20001060                        __tdata_end = .
                0x20001060                        PROVIDE (__data_end__ = .)
                0x10008988                        __etext = LOADADDR (.data)

.tbss           0x20001060        0x0 load address 0x10009928
                0x20001060                        . = ALIGN (0x4)
                0x20001060                        __bss_start__ = .
                0x20001060                        __tls_base = .
 *(.tbss .tbss.* .gnu.linkonce.tb.*)
 *(.tcommon)
                0x20001060                        __tls_end = .

.bss            0x20001060     0x1080 load address 0x10009928
                0x20001060                        . = ALIGN (0x4)
                0x20001060                        __tbss_end = .
 *(SORT_BY_ALIGNMENT(SORT_BY_NAME(.bss*)))
 .bss.default_alarm_pool_entries
                0x20001060      0x180 CMakeFiles/U4T1.dir/C_/Users/Jonas/.pico-sdk/sdk/2.1.0/src/common/pico_time/time.c.obj
 .bss.last_avail_time.1
                0x200011e0        0x8 CMakeFiles/U4T1.dir/C_/Users/Jonas/.pico-sdk/sdk/2.1.0/src/rp2_common/pico_stdio_usb/stdio_usb.c.obj
 .bss.sd_table  0x200011e8      0x100 CMakeFiles/U4T1.dir/C_/Users/Jonas/.pico-sdk/sdk/2.1.0/src/rp2_common/pico_double/double_init_rom_rp2040.c.obj
                0x200011e8                sd_table
 .bss._app_driver
                0x200012e8        0x4 CMakeFiles/U4T1.dir/C_/Users/Jonas/.pico-sdk/sdk/2.1.0/lib/tinyusb/src/device/usbd.c.obj
 .bss._cdcd_fifo_cfg
                0x200012ec        0x1 CMakeFiles/U4T1.dir/C_/Users/Jonas/.pico-sdk/sdk/2.1.0/lib/tinyusb/src/class/cdc/cdc_device.c.obj
 *fill*         0x200012ed        0x3 
 .bss._cdcd_itf
                0x200012f0      0x2c8 CMakeFiles/U4T1.dir/C_/Users/Jonas/.pico-sdk/sdk/2.1.0/lib/tinyusb/src/class/cdc/cdc_device.c.obj
 .bss._ctrl_xfer
                0x200015b8       0x14 CMakeFiles/U4T1.dir/C_/Users/Jonas/.pico-sdk/sdk/2.1.0/lib/tinyusb/src/device/usbd_control.c.obj
 .bss._ubsd_mutexdef
                0x200015cc        0x8 CMakeFiles/U4T1.dir/C_/Users/Jonas/.pico-sdk/sdk/2.1.0/lib/tinyusb/src/device/usbd.c.obj
 .bss._usbd_ctrl_buf
                0x200015d4       0x40 CMakeFiles/U4T1.dir/C_/Users/Jonas/.pico-sdk/sdk/2.1.0/lib/tinyusb/src/device/usbd_control.c.obj
 .bss._usbd_dev
                0x20001614       0x54 CMakeFiles/U4T1.dir/C_/Users/Jonas/.pico-sdk/sdk/2.1.0/lib/tinyusb/src/device/usbd.c.obj
 .bss._usbd_mutex
                0x20001668        0x4 CMakeFiles/U4T1.dir/C_/Users/Jonas/.pico-sdk/sdk/2.1.0/lib/tinyusb/src/device/usbd.c.obj
 .bss._usbd_q   0x2000166c        0x4 CMakeFiles/U4T1.dir/C_/Users/Jonas/.pico-sdk/sdk/2.1.0/lib/tinyusb/src/device/usbd.c.obj
 .bss._usbd_qdef_buf
                0x20001670       0xc0 CMakeFiles/U4T1.dir/C_/Users/Jonas/.pico-sdk/sdk/2.1.0/lib/tinyusb/src/device/usbd.c.obj
                0x20001670                _usbd_qdef_buf
 .bss._used_instruction_space
                0x20001730        0x8 CMakeFiles/U4T1.dir/C_/Users/Jonas/.pico-sdk/sdk/2.1.0/src/rp2_common/hardware_pio/pio.c.obj
 .bss._vendord_itf
                0x20001738      0x2cc CMakeFiles/U4T1.dir/C_/Users/Jonas/.pico-sdk/sdk/2.1.0/lib/tinyusb/src/class/vendor/vendor_device.c.obj
 .bss.boot2_copyout
                0x20001a04      0x100 CMakeFiles/U4T1.dir/C_/Users/Jonas/.pico-sdk/sdk/2.1.0/src/rp2_common/hardware_flash/flash.c.obj
 .bss.chars_available_callback
                0x20001b04        0x4 CMakeFiles/U4T1.dir/C_/Users/Jonas/.pico-sdk/sdk/2.1.0/src/rp2_common/pico_stdio_usb/stdio_usb.c.obj
 .bss.chars_available_param
                0x20001b08        0x4 CMakeFiles/U4T1.dir/C_/Users/Jonas/.pico-sdk/sdk/2.1.0/src/rp2_common/pico_stdio_usb/stdio_usb.c.obj
 .bss.claimed   0x20001b0c        0x4 CMakeFiles/U4T1.dir/C_/Users/Jonas/.pico-sdk/sdk/2.1.0/src/rp2_common/hardware_sync/sync.c.obj
 .bss.claimed   0x20001b10        0x1 CMakeFiles/U4T1.dir/C_/Users/Jonas/.pico-sdk/sdk/2.1.0/src/rp2_common/hardware_timer/timer.c.obj
 *fill*         0x20001b11        0x3 
 .bss.configured_freq
                0x20001b14       0x28 CMakeFiles/U4T1.dir/C_/Users/Jonas/.pico-sdk/sdk/2.1.0/src/rp2_common/hardware_clocks/clocks.c.obj
 .bss.desc_str.0
                0x20001b3c       0x28 CMakeFiles/U4T1.dir/C_/Users/Jonas/.pico-sdk/sdk/2.1.0/src/rp2_common/pico_stdio_usb/stdio_usb_descriptors.c.obj
 .bss.drivers   0x20001b64        0x4 CMakeFiles/U4T1.dir/C_/Users/Jonas/.pico-sdk/sdk/2.1.0/src/rp2_common/pico_stdio/stdio.c.obj
 .bss.e15_last_sof
                0x20001b68        0x4 CMakeFiles/U4T1.dir/C_/Users/Jonas/.pico-sdk/sdk/2.1.0/lib/tinyusb/src/portable/raspberrypi/rp2040/rp2040_usb.c.obj
                0x20001b68                e15_last_sof
 .bss.filter    0x20001b6c        0x4 CMakeFiles/U4T1.dir/C_/Users/Jonas/.pico-sdk/sdk/2.1.0/src/rp2_common/pico_stdio/stdio.c.obj
 .bss.hw_endpoints
                0x20001b70      0x400 CMakeFiles/U4T1.dir/C_/Users/Jonas/.pico-sdk/sdk/2.1.0/lib/tinyusb/src/portable/raspberrypi/rp2040/dcd_rp2040.c.obj
 .bss.lazy_vsnprintf
                0x20001f70        0x4 CMakeFiles/U4T1.dir/C_/Users/Jonas/.pico-sdk/sdk/2.1.0/src/rp2_common/pico_printf/printf.c.obj
 .bss.load_value
                0x20001f74        0x4 CMakeFiles/U4T1.dir/C_/Users/Jonas/.pico-sdk/sdk/2.1.0/src/rp2_common/hardware_watchdog/watchdog.c.obj
 .bss.next_buffer_ptr
                0x20001f78        0x4 CMakeFiles/U4T1.dir/C_/Users/Jonas/.pico-sdk/sdk/2.1.0/lib/tinyusb/src/portable/raspberrypi/rp2040/dcd_rp2040.c.obj
 .bss.object.0  0x20001f7c       0x18 C:/Users/Jonas/.pico-sdk/toolchain/13_3_Rel1/bin/../lib/gcc/arm-none-eabi/13.3.1/thumb/v6-m/nofp/crtbegin.o
 .bss.one_shot_timer_crit_sec
                0x20001f94        0x8 CMakeFiles/U4T1.dir/C_/Users/Jonas/.pico-sdk/sdk/2.1.0/src/rp2_common/pico_stdio_usb/stdio_usb.c.obj
 .bss.pools     0x20001f9c       0x10 CMakeFiles/U4T1.dir/C_/Users/Jonas/.pico-sdk/sdk/2.1.0/src/common/pico_time/time.c.obj
 .bss.retrieved_id
                0x20001fac        0x8 CMakeFiles/U4T1.dir/C_/Users/Jonas/.pico-sdk/sdk/2.1.0/src/rp2_common/pico_unique_id/unique_id.c.obj
 .bss.sf_clz_func
                0x20001fb4        0x4 CMakeFiles/U4T1.dir/C_/Users/Jonas/.pico-sdk/sdk/2.1.0/src/rp2_common/pico_double/double_init_rom_rp2040.c.obj
                0x20001fb4                sf_clz_func
 .bss.sf_table  0x20001fb8      0x100 CMakeFiles/U4T1.dir/C_/Users/Jonas/.pico-sdk/sdk/2.1.0/src/rp2_common/pico_float/float_init_rom_rp2040.c.obj
                0x20001fb8                sf_table
 .bss.sleep_notifier
                0x200020b8        0x4 CMakeFiles/U4T1.dir/C_/Users/Jonas/.pico-sdk/sdk/2.1.0/src/common/pico_time/time.c.obj
 .bss.stdio_usb_mutex
                0x200020bc        0x8 CMakeFiles/U4T1.dir/C_/Users/Jonas/.pico-sdk/sdk/2.1.0/src/rp2_common/pico_stdio_usb/stdio_usb.c.obj
 .bss.usbd_serial_str
                0x200020c4       0x11 CMakeFiles/U4T1.dir/C_/Users/Jonas/.pico-sdk/sdk/2.1.0/src/rp2_common/pico_stdio_usb/stdio_usb_descriptors.c.obj
 .bss._app_driver_count
                0x200020d5        0x1 CMakeFiles/U4T1.dir/C_/Users/Jonas/.pico-sdk/sdk/2.1.0/lib/tinyusb/src/device/usbd.c.obj
 .bss._sof_enable
                0x200020d6        0x1 CMakeFiles/U4T1.dir/C_/Users/Jonas/.pico-sdk/sdk/2.1.0/lib/tinyusb/src/portable/raspberrypi/rp2040/dcd_rp2040.c.obj
 .bss._usbd_queued_setup
                0x200020d7        0x1 CMakeFiles/U4T1.dir/C_/Users/Jonas/.pico-sdk/sdk/2.1.0/lib/tinyusb/src/device/usbd.c.obj
 .bss.boot2_copyout_valid
                0x200020d8        0x1 CMakeFiles/U4T1.dir/C_/Users/Jonas/.pico-sdk/sdk/2.1.0/src/rp2_common/hardware_flash/flash.c.obj
 .bss.irq_handler_chain_free_slot_head
                0x200020d9        0x1 CMakeFiles/U4T1.dir/C_/Users/Jonas/.pico-sdk/sdk/2.1.0/src/rp2_common/hardware_irq/irq.c.obj
 .bss.itf_num   0x200020da        0x1 CMakeFiles/U4T1.dir/C_/Users/Jonas/.pico-sdk/sdk/2.1.0/src/rp2_common/pico_stdio_usb/reset_interface.c.obj
 .bss.low_priority_irq_num
                0x200020db        0x1 CMakeFiles/U4T1.dir/C_/Users/Jonas/.pico-sdk/sdk/2.1.0/src/rp2_common/pico_stdio_usb/stdio_usb.c.obj
 .bss.one_shot_timer_pending
                0x200020dc        0x1 CMakeFiles/U4T1.dir/C_/Users/Jonas/.pico-sdk/sdk/2.1.0/src/rp2_common/pico_stdio_usb/stdio_usb.c.obj
 .bss.user_irq_claimed
                0x200020dd        0x1 CMakeFiles/U4T1.dir/C_/Users/Jonas/.pico-sdk/sdk/2.1.0/src/rp2_common/hardware_irq/irq.c.obj
 *(COMMON)
                0x200020e0                        . = ALIGN (0x4)
 *fill*         0x200020de        0x2 
                0x200020e0                        __bss_end__ = .

.heap           0x200020e0      0x800 load address 0x10009928
                0x200020e0                        __end__ = .
                0x200020e0                        end = __end__
 *(.heap*)
 .heap          0x200020e0      0x800 CMakeFiles/U4T1.dir/C_/Users/Jonas/.pico-sdk/sdk/2.1.0/src/rp2_common/pico_crt0/crt0.S.obj
                0x20040000                        __HeapLimit = (ORIGIN (RAM) + LENGTH (RAM))

.scratch_x      0x20040000        0x0 load address 0x10009928
                0x20040000                        __scratch_x_start__ = .
 *(.scratch_x.*)
                0x20040000                        . = ALIGN (0x4)
                0x20040000                        __scratch_x_end__ = .
                0x10009928                        __scratch_x_source__ = LOADADDR (.scratch_x)

.scratch_y      0x20041000        0x0 load address 0x10009928
                0x20041000                        __scratch_y_start__ = .
 *(.scratch_y.*)
                0x20041000                        . = ALIGN (0x4)
                0x20041000                        __scratch_y_end__ = .
                0x10009928                        __scratch_y_source__ = LOADADDR (.scratch_y)

.stack1_dummy
 *(.stack1*)

.stack_dummy    0x20041000      0x800
 *(.stack*)
 .stack         0x20041000      0x800 CMakeFiles/U4T1.dir/C_/Users/Jonas/.pico-sdk/sdk/2.1.0/src/rp2_common/pico_crt0/crt0.S.obj

.flash_end      0x10009928        0x0
 *(.embedded_end_block*)
                0x10009928                        PROVIDE (__flash_binary_end = .)
                0x20040000                        __StackLimit = (ORIGIN (RAM) + LENGTH (RAM))
                0x20041000                        __StackOneTop = (ORIGIN (SCRATCH_X) + LENGTH (SCRATCH_X))
                0x20042000                        __StackTop = (ORIGIN (SCRATCH_Y) + LENGTH (SCRATCH_Y))
                0x20041000                        __StackOneBottom = (__StackOneTop - SIZEOF (.stack1_dummy))
                0x20041800                        __StackBottom = (__StackTop - SIZEOF (.stack_dummy))
                0x20042000                        PROVIDE (__stack = __StackTop)
                [!provide]                        PROVIDE (__heap_start = __end__)
                [!provide]                        PROVIDE (__heap_end = __HeapLimit)
                [!provide]                        PROVIDE (__tls_align = MAX (ALIGNOF (.tdata), ALIGNOF (.tbss)))
                [!provide]                        PROVIDE (__tls_size_align = (((__tls_size + __tls_align) - 0x1) & ~ ((__tls_align - 0x1))))
                [!provide]                        PROVIDE (__arm32_tls_tcb_offset = MAX (0x8, __tls_align))
                [!provide]                        PROVIDE (_end = __end__)
                [!provide]                        PROVIDE (__llvm_libc_heap_limit = __HeapLimit)
                0x00000001                        ASSERT ((__StackLimit >= __HeapLimit), region RAM overflowed)
                0x00000001                        ASSERT (((__binary_info_header_end - __logical_binary_start) <= 0x100), Binary info must be in first 256 bytes of the binary)
LOAD CMakeFiles/U4T1.dir/U4T1.c.obj
LOAD CMakeFiles/U4T1.dir/keypad/keypad.c.obj
LOAD CMakeFiles/U4T1.dir/neopixel/neopixel.c.obj
LOAD CMakeFiles/U4T1.dir/functions/Tecla_aste.c.obj
LOAD CMakeFiles/U4T1.dir/functions/Tecla_hash.c.obj
LOAD CMakeFiles/U4T1.dir/functions/Tecla5.c.obj
LOAD CMakeFiles/U4T1.dir/functions/tecla6.c.obj
LOAD CMakeFiles/U4T1.dir/functions/tecla9.c.obj
LOAD CMakeFiles/U4T1.dir/functions/Tecla8.c.obj
LOAD CMakeFiles/U4T1.dir/functions/Tecla7.c.obj
LOAD CMakeFiles/U4T1.dir/functions/Tecla2.c.obj
LOAD CMakeFiles/U4T1.dir/functions/Tecla1.c.obj
LOAD CMakeFiles/U4T1.dir/functions/Tecla3.c.obj
LOAD CMakeFiles/U4T1.dir/functions/TeclaA.c.obj
LOAD CMakeFiles/U4T1.dir/functions/TeclaB.c.obj
LOAD CMakeFiles/U4T1.dir/functions/TeclaC.c.obj
LOAD CMakeFiles/U4T1.dir/functions/TeclaD.c.obj
LOAD CMakeFiles/U4T1.dir/C_/Users/Jonas/.pico-sdk/sdk/2.1.0/src/rp2_common/pico_stdlib/stdlib.c.obj
LOAD CMakeFiles/U4T1.dir/C_/Users/Jonas/.pico-sdk/sdk/2.1.0/src/rp2_common/hardware_gpio/gpio.c.obj
LOAD CMakeFiles/U4T1.dir/C_/Users/Jonas/.pico-sdk/sdk/2.1.0/src/rp2040/pico_platform/platform.c.obj
LOAD CMakeFiles/U4T1.dir/C_/Users/Jonas/.pico-sdk/sdk/2.1.0/src/rp2_common/pico_platform_panic/panic.c.obj
LOAD CMakeFiles/U4T1.dir/C_/Users/Jonas/.pico-sdk/sdk/2.1.0/src/common/hardware_claim/claim.c.obj
LOAD CMakeFiles/U4T1.dir/C_/Users/Jonas/.pico-sdk/sdk/2.1.0/src/rp2_common/hardware_sync/sync.c.obj
LOAD CMakeFiles/U4T1.dir/C_/Users/Jonas/.pico-sdk/sdk/2.1.0/src/rp2_common/hardware_sync_spin_lock/sync_spin_lock.c.obj
LOAD CMakeFiles/U4T1.dir/C_/Users/Jonas/.pico-sdk/sdk/2.1.0/src/rp2_common/hardware_irq/irq.c.obj
LOAD CMakeFiles/U4T1.dir/C_/Users/Jonas/.pico-sdk/sdk/2.1.0/src/rp2_common/hardware_irq/irq_handler_chain.S.obj
LOAD CMakeFiles/U4T1.dir/C_/Users/Jonas/.pico-sdk/sdk/2.1.0/src/common/pico_sync/sem.c.obj
LOAD CMakeFiles/U4T1.dir/C_/Users/Jonas/.pico-sdk/sdk/2.1.0/src/common/pico_sync/lock_core.c.obj
LOAD CMakeFiles/U4T1.dir/C_/Users/Jonas/.pico-sdk/sdk/2.1.0/src/common/pico_sync/mutex.c.obj
LOAD CMakeFiles/U4T1.dir/C_/Users/Jonas/.pico-sdk/sdk/2.1.0/src/common/pico_sync/critical_section.c.obj